Component: ARM Compiler 5.06 update 4 (build 422) Tool: armlink [4d35d2]

==============================================================================

Section Cross References

    startup_stm32f10x_hd.o(STACK) refers (Special) to heapauxi.o(.text) for __use_two_region_memory
    startup_stm32f10x_hd.o(HEAP) refers (Special) to heapauxi.o(.text) for __use_two_region_memory
    startup_stm32f10x_hd.o(RESET) refers (Special) to heapauxi.o(.text) for __use_two_region_memory
    startup_stm32f10x_hd.o(RESET) refers to startup_stm32f10x_hd.o(STACK) for __initial_sp
    startup_stm32f10x_hd.o(RESET) refers to startup_stm32f10x_hd.o(.text) for Reset_Handler
    startup_stm32f10x_hd.o(RESET) refers to stm32f10x_it.o(i.NMI_Handler) for NMI_Handler
    startup_stm32f10x_hd.o(RESET) refers to stm32f10x_it.o(i.HardFault_Handler) for HardFault_Handler
    startup_stm32f10x_hd.o(RESET) refers to stm32f10x_it.o(i.MemManage_Handler) for MemManage_Handler
    startup_stm32f10x_hd.o(RESET) refers to stm32f10x_it.o(i.BusFault_Handler) for BusFault_Handler
    startup_stm32f10x_hd.o(RESET) refers to stm32f10x_it.o(i.UsageFault_Handler) for UsageFault_Handler
    startup_stm32f10x_hd.o(RESET) refers to stm32f10x_it.o(i.SVC_Handler) for SVC_Handler
    startup_stm32f10x_hd.o(RESET) refers to stm32f10x_it.o(i.DebugMon_Handler) for DebugMon_Handler
    startup_stm32f10x_hd.o(RESET) refers to stm32f10x_it.o(i.PendSV_Handler) for PendSV_Handler
    startup_stm32f10x_hd.o(RESET) refers to stm32f10x_it.o(i.SysTick_Handler) for SysTick_Handler
    startup_stm32f10x_hd.o(RESET) refers to usmart.o(i.TIM4_IRQHandler) for TIM4_IRQHandler
    startup_stm32f10x_hd.o(RESET) refers to usart.o(i.USART1_IRQHandler) for USART1_IRQHandler
    startup_stm32f10x_hd.o(RESET) refers to usart3.o(i.USART3_IRQHandler) for USART3_IRQHandler
    startup_stm32f10x_hd.o(RESET) refers to timer.o(i.TIM7_IRQHandler) for TIM7_IRQHandler
    startup_stm32f10x_hd.o(.text) refers (Special) to heapauxi.o(.text) for __use_two_region_memory
    startup_stm32f10x_hd.o(.text) refers to system_stm32f10x.o(i.SystemInit) for SystemInit
    startup_stm32f10x_hd.o(.text) refers to __main.o(!!!main) for __main
    startup_stm32f10x_hd.o(.text) refers to startup_stm32f10x_hd.o(HEAP) for Heap_Mem
    startup_stm32f10x_hd.o(.text) refers to startup_stm32f10x_hd.o(STACK) for Stack_Mem
    main.o(i.main) refers to delay.o(i.delay_init) for delay_init
    main.o(i.main) refers to misc.o(i.NVIC_PriorityGroupConfig) for NVIC_PriorityGroupConfig
    main.o(i.main) refers to usart.o(i.uart_init) for uart_init
    main.o(i.main) refers to led.o(i.LED_Init) for LED_Init
    main.o(i.main) refers to adc.o(i.Adc_Init) for Adc_Init
    main.o(i.main) refers to usart3.o(i.usart3_init) for usart3_init
    main.o(i.main) refers to lcd.o(i.LCD_Init) for LCD_Init
    main.o(i.main) refers to lcd.o(i.LCD_ShowString) for LCD_ShowString
    main.o(i.main) refers to common.o(i.atk_8266_test) for atk_8266_test
    main.o(i.main) refers to lcd.o(.data) for POINT_COLOR
    system_stm32f10x.o(i.SetSysClock) refers to system_stm32f10x.o(i.SetSysClockTo72) for SetSysClockTo72
    system_stm32f10x.o(i.SystemCoreClockUpdate) refers to system_stm32f10x.o(.data) for SystemCoreClock
    system_stm32f10x.o(i.SystemInit) refers to system_stm32f10x.o(i.SetSysClock) for SetSysClock
    delay.o(i.delay_init) refers to misc.o(i.SysTick_CLKSourceConfig) for SysTick_CLKSourceConfig
    delay.o(i.delay_init) refers to system_stm32f10x.o(.data) for SystemCoreClock
    delay.o(i.delay_init) refers to delay.o(.data) for fac_us
    delay.o(i.delay_ms) refers to delay.o(.data) for fac_ms
    delay.o(i.delay_us) refers to delay.o(.data) for fac_us
    usart.o(i.USART1_IRQHandler) refers (Special) to use_no_semi_2.o(.text) for __use_no_semihosting
    usart.o(i.USART1_IRQHandler) refers to stm32f10x_usart.o(i.USART_GetITStatus) for USART_GetITStatus
    usart.o(i.USART1_IRQHandler) refers to stm32f10x_usart.o(i.USART_ReceiveData) for USART_ReceiveData
    usart.o(i.USART1_IRQHandler) refers to usart.o(.data) for USART_RX_STA
    usart.o(i.USART1_IRQHandler) refers to usart.o(.bss) for USART_RX_BUF
    usart.o(i._sys_exit) refers (Special) to use_no_semi_2.o(.text) for __use_no_semihosting
    usart.o(i.fputc) refers (Special) to use_no_semi_2.o(.text) for __use_no_semihosting
    usart.o(i.uart_init) refers (Special) to use_no_semi_2.o(.text) for __use_no_semihosting
    usart.o(i.uart_init) refers to stm32f10x_rcc.o(i.RCC_APB2PeriphClockCmd) for RCC_APB2PeriphClockCmd
    usart.o(i.uart_init) refers to stm32f10x_gpio.o(i.GPIO_Init) for GPIO_Init
    usart.o(i.uart_init) refers to misc.o(i.NVIC_Init) for NVIC_Init
    usart.o(i.uart_init) refers to stm32f10x_usart.o(i.USART_Init) for USART_Init
    usart.o(i.uart_init) refers to stm32f10x_usart.o(i.USART_ITConfig) for USART_ITConfig
    usart.o(i.uart_init) refers to stm32f10x_usart.o(i.USART_Cmd) for USART_Cmd
[...]
    i.usmart_get_runtime                     0x080081e0   Section        0  usmart.o(i.usmart_get_runtime)
    i.usmart_init                            0x08008224   Section        0  usmart.o(i.usmart_init)
    i.usmart_pow                             0x0800824c   Section        0  usmart_str.o(i.usmart_pow)
    i.usmart_reset_runtime                   0x08008264   Section        0  usmart.o(i.usmart_reset_runtime)
    i.usmart_scan                            0x08008294   Section        0  usmart.o(i.usmart_scan)
    i.usmart_search_nextc                    0x08008350   Section        0  usmart_str.o(i.usmart_search_nextc)
    i.usmart_str2num                         0x08008366   Section        0  usmart_str.o(i.usmart_str2num)
    i.usmart_strcmp                          0x08008430   Section        0  usmart_str.o(i.usmart_strcmp)
    i.usmart_strcopy                         0x08008452   Section        0  usmart_str.o(i.usmart_strcopy)
    i.usmart_strlen                          0x08008468   Section        0  usmart_str.o(i.usmart_strlen)
    i.usmart_sys_cmd_exe                     0x08008480   Section        0  usmart.o(i.usmart_sys_cmd_exe)
    i.write_addr                             0x08008b64   Section        0  usmart.o(i.write_addr)
    locale$$code                             0x08008b68   Section       44  lc_numeric_c.o(locale$$code)
    locale$$code                             0x08008b94   Section       44  lc_ctype_c.o(locale$$code)
    x$fpl$d2f                                0x08008bc0   Section       98  d2f.o(x$fpl$d2f)
    x$fpl$dfixu                              0x08008c24   Section       90  dfixu.o(x$fpl$dfixu)
    x$fpl$dfltu                              0x08008c7e   Section       38  dflt_clz.o(x$fpl$dfltu)
    x$fpl$dmul                               0x08008ca4   Section      340  dmul.o(x$fpl$dmul)
    x$fpl$dnaninf                            0x08008df8   Section      156  dnaninf.o(x$fpl$dnaninf)
    x$fpl$dretinf                            0x08008e94   Section       12  dretinf.o(x$fpl$dretinf)
    x$fpl$f2d                                0x08008ea0   Section       86  f2d.o(x$fpl$f2d)
    x$fpl$fadd                               0x08008ef8   Section      196  faddsub_clz.o(x$fpl$fadd)
    _fadd1                                   0x08008f07   Thumb Code     0  faddsub_clz.o(x$fpl$fadd)
    x$fpl$fcmpinf                            0x08008fbc   Section       24  fcmpi.o(x$fpl$fcmpinf)
    x$fpl$fdiv                               0x08008fd4   Section      388  fdiv.o(x$fpl$fdiv)
    _fdiv1                                   0x08008fd5   Thumb Code     0  fdiv.o(x$fpl$fdiv)
    x$fpl$ffixu                              0x08009158   Section       62  ffixu.o(x$fpl$ffixu)
    x$fpl$ffltu                              0x08009198   Section       38  fflt_clz.o(x$fpl$ffltu)
    x$fpl$fleqf                              0x080091c0   Section      104  fleqf.o(x$fpl$fleqf)
    x$fpl$fmul                               0x08009228   Section      258  fmul.o(x$fpl$fmul)
    x$fpl$fnaninf                            0x0800932a   Section      140  fnaninf.o(x$fpl$fnaninf)
    x$fpl$fretinf                            0x080093b6   Section       10  fretinf.o(x$fpl$fretinf)
    x$fpl$frleqf                             0x080093c0   Section       98  frleqf.o(x$fpl$frleqf)
    x$fpl$frsb                               0x08009422   Section       20  faddsub_clz.o(x$fpl$frsb)
    x$fpl$fsub                               0x08009438   Section      234  faddsub_clz.o(x$fpl$fsub)
    _fsub1                                   0x08009447   Thumb Code     0  faddsub_clz.o(x$fpl$fsub)
    x$fpl$printf1                            0x08009522   Section        4  printf1.o(x$fpl$printf1)
    .constdata                               0x08009526   Section     6080  lcd.o(.constdata)
    x$fpl$usenofp                            0x08009526   Section        0  usenofp.o(x$fpl$usenofp)
    .constdata                               0x0800ace6   Section       40  _printf_hex_int_ll_ptr.o(.constdata)
    uc_hextab                                0x0800ace6   Data          20  _printf_hex_int_ll_ptr.o(.constdata)
    lc_hextab                                0x0800acfa   Data          20  _printf_hex_int_ll_ptr.o(.constdata)
    .constdata                               0x0800ad0e   Section       17  __printf_flags_ss_wp.o(.constdata)
    maptable                                 0x0800ad0e   Data          17  __printf_flags_ss_wp.o(.constdata)
    .constdata                               0x0800ad20   Section        8  _printf_wctomb.o(.constdata)
    initial_mbstate                          0x0800ad20   Data           8  _printf_wctomb.o(.constdata)
    .constdata                               0x0800ad28   Section      148  bigflt0.o(.constdata)
    tenpwrs_x                                0x0800ad28   Data          60  bigflt0.o(.constdata)
    tenpwrs_i                                0x0800ad64   Data          64  bigflt0.o(.constdata)
    .conststring                             0x0800adbc   Section       40  usmart.o(.conststring)
    .conststring                             0x0800ade4   Section      144  usmart_config.o(.conststring)
    locale$$data                             0x0800ae94   Section       28  lc_numeric_c.o(locale$$data)
    __lcnum_c_name                           0x0800ae98   Data           2  lc_numeric_c.o(locale$$data)
    __lcnum_c_start                          0x0800aea0   Data           0  lc_numeric_c.o(locale$$data)
    __lcnum_c_point                          0x0800aeac   Data           0  lc_numeric_c.o(locale$$data)
    __lcnum_c_thousands                      0x0800aeae   Data           0  lc_numeric_c.o(locale$$data)
    __lcnum_c_grouping                       0x0800aeaf   Data           0  lc_numeric_c.o(locale$$data)
    locale$$data                             0x0800aeb0   Section      272  lc_ctype_c.o(locale$$data)
    __lcnum_c_end                            0x0800aeb0   Data           0  lc_numeric_c.o(locale$$data)
    __lcctype_c_name                         0x0800aeb4   Data           2  lc_ctype_c.o(locale$$data)
    __lcctype_c_start                        0x0800aebc   Data           0  lc_ctype_c.o(locale$$data)
    __lcctype_c_end                          0x0800afc0   Data           0  lc_ctype_c.o(locale$$data)
    .data                                    0x20000000   Section       20  system_stm32f10x.o(.data)
    .data                                    0x20000014   Section        4  delay.o(.data)
    fac_us                                   0x20000014   Data           1  delay.o(.data)
    fac_ms                                   0x20000016   Data           2  delay.o(.data)
    .data                                    0x20000018   Section        6  usart.o(.data)
    .data                                    0x2000001e   Section        4  lcd.o(.data)
    .data                                    0x20000022   Section        2  usart3.o(.data)
    .data                                    0x20000024   Section       20  stm32f10x_rcc.o(.data)
    APBAHBPrescTable                         0x20000024   Data          16  stm32f10x_rcc.o(.data)
    ADCPrescTable                            0x20000034   Data           4  stm32f10x_rcc.o(.data)
    .data                                    0x20000038   Section       28  usmart.o(.data)
    .data                                    0x20000054   Section      276  usmart_config.o(.data)
    .data                                    0x20000168   Section        4  common.o(.data)
    beginflag                                0x20000168   Data           1  common.o(.data)
    stopflag                                 0x20000169   Data           1  common.o(.data)
    printflag                                0x2000016a   Data           1  common.o(.data)
    output                                   0x2000016b   Data           1  common.o(.data)
    .bss                                     0x2000016c   Section      200  usart.o(.bss)
    .bss                                     0x20000234   Section       14  lcd.o(.bss)
    .bss                                     0x20000242   Section     1200  usart3.o(.bss)
    .bss                                     0x200006f4   Section       96  libspace.o(.bss)
    HEAP                                     0x20000758   Section      512  startup_stm32f10x_hd.o(HEAP)
    Heap_Mem                                 0x20000758   Data         512  startup_stm32f10x_hd.o(HEAP)
    STACK                                    0x20000958   Section     1024  startup_stm32f10x_hd.o(STACK)
    Stack_Mem                                0x20000958   Data        1024  startup_stm32f10x_hd.o(STACK)
    __initial_sp                             0x20000d58   Data           0  startup_stm32f10x_hd.o(STACK)
    .ARM.__AT_0x68000000                     0x68000000   Section    983040  malloc.o(.ARM.__AT_0x68000000)
    .ARM.__AT_0x680F0000                     0x680f0000   Section    61440  malloc.o(.ARM.__AT_0x680F0000)

    Global Symbols

    Symbol Name                              Value     Ov Type        Size  Object(Section)

    BuildAttributes$$THM_ISAv4$P$D$K$B$S$PE$A:L22UL41UL21$X:L11$S22US41US21$IEEE1$IW$USESV6$~STKCKD$USESV7$~SHL$OTIME$ROPI$IEEEJ$EBA8$UX$STANDARDLIB$REQ8$PRES8$EABIv2 0x00000000   Number         0  anon$$obj.o ABSOLUTE
    __ARM_use_no_argv                        0x00000000   Number         0  main.o ABSOLUTE
    _printf_flags                            0x00000000   Number         0  printf_stubs.o ABSOLUTE
    _printf_return_value                     0x00000000   Number         0  printf_stubs.o ABSOLUTE
    _printf_sizespec                         0x00000000   Number         0  printf_stubs.o ABSOLUTE
    _printf_widthprec                        0x00000000   Number         0  printf_stubs.o ABSOLUTE
    __ARM_exceptions_init                     - Undefined Weak Reference
    __alloca_initialize                       - Undefined Weak Reference
    __arm_preinit_                            - Undefined Weak Reference
    __cpp_initialize__aeabi_                  - Undefined Weak Reference
    __cxa_finalize                            - Undefined Weak Reference
    __sigvec_lookup                           - Undefined Weak Reference
    _atexit_init                              - Undefined Weak Reference
    _call_atexit_fns                          - Undefined Weak Reference
    _clock_init                               - Undefined Weak Reference
    _fp_trap_init                             - Undefined Weak Reference
    _fp_trap_shutdown                         - Undefined Weak Reference
    _get_lc_collate                           - Undefined Weak Reference
    _get_lc_monetary                          - Undefined Weak Reference
    _get_lc_time                              - Undefined Weak Reference
    _getenv_init                              - Undefined Weak Reference
    _handle_redirection                       - Undefined Weak Reference
    _init_alloc                               - Undefined Weak Reference
    _init_user_alloc                          - Undefined Weak Reference
    _initio                                   - Undefined Weak Reference
    _mutex_acquire                            - Undefined Weak Reference
    _mutex_release                            - Undefined Weak Reference
    _printf_fp_hex                            - Undefined Weak Reference
    _printf_mbtowc                            - Undefined Weak Reference
    _printf_wc                                - Undefined Weak Reference
    _rand_init                                - Undefined Weak Reference
    _signal_finish                            - Undefined Weak Reference
    _signal_init                              - Undefined Weak Reference
    _terminate_alloc                          - Undefined Weak Reference
    _terminate_user_alloc                     - Undefined Weak Reference
    _terminateio                              - Undefined Weak Reference
    __Vectors_Size                           0x00000130   Number         0  startup_stm32f10x_hd.o ABSOLUTE
    __Vectors                                0x08000000   Data           4  startup_stm32f10x_hd.o(RESET)
    __Vectors_End                            0x08000130   Data           0  startup_stm32f10x_hd.o(RESET)
    __main                                   0x08000131   Thumb Code     8  __main.o(!!!main)
    __scatterload                            0x08000139   Thumb Code     0  __scatter.o(!!!scatter)
    __scatterload_rt2                        0x08000139   Thumb Code    44  __scatter.o(!!!scatter)
    __scatterload_rt2_thumb_only             0x08000139   Thumb Code     0  __scatter.o(!!!scatter)
    __scatterload_null                       0x08000147   Thumb Code     0  __scatter.o(!!!scatter)
    __decompress                             0x0800016d   Thumb Code    90  __dczerorl2.o(!!dczerorl2)
    __decompress1                            0x0800016d   Thumb Code     0  __dczerorl2.o(!!dczerorl2)
    __scatterload_zeroinit                   0x080001c9   Thumb Code    28  __scatter_zi.o(!!handler_zi)
    _printf_n                                0x080001e5   Thumb Code     0  _printf_n.o(.ARM.Collect$$_printf_percent$$00000001)
    _printf_percent                          0x080001e5   Thumb Code     0  _printf_percent.o(.ARM.Collect$$_printf_percent$$00000000)
    _printf_p                                0x080001eb   Thumb Code     0  _printf_p.o(.ARM.Collect$$_printf_percent$$00000002)
    _printf_f                                0x080001f1   Thumb Code     0  _printf_f.o(.ARM.Collect$$_printf_percent$$00000003)
    _printf_e                                0x080001f7   Thumb Code     0  _printf_e.o(.ARM.Collect$$_printf_percent$$00000004)
    _printf_g                                0x080001fd   Thumb Code     0  _printf_g.o(.ARM.Collect$$_printf_percent$$00000005)
    _printf_a                                0x08000203   Thumb Code     0  _printf_a.o(.ARM.Collect$$_printf_percent$$00000006)
    _printf_ll                               0x08000209   Thumb Code     0  _printf_ll.o(.ARM.Collect$$_printf_percent$$00000007)
    _printf_i                                0x08000213   Thumb Code     0  _printf_i.o(.ARM.Collect$$_printf_percent$$00000008)
    _printf_d                                0x08000219   Thumb Code     0  _printf_d.o(.ARM.Collect$$_printf_percent$$00000009)
    _printf_u                                0x0800021f   Thumb Code     0  _printf_u.o(.ARM.Collect$$_printf_percent$$0000000A)
    _printf_o                                0x08000225   Thumb Code     0  _printf_o.o(.ARM.Collect$$_printf_percent$$0000000B)
    _printf_x                                0x0800022b   Thumb Code     0  _printf_x.o(.ARM.Collect$$_printf_percent$$0000000C)
    _printf_lli                              0x08000231   Thumb Code     0  _printf_lli.o(.ARM.Collect$$_printf_percent$$0000000D)
    _printf_lld                              0x08000237   Thumb Code     0  _printf_lld.o(.ARM.Collect$$_printf_percent$$0000000E)
    _printf_llu                              0x0800023d   Thumb Code     0  _printf_llu.o(.ARM.Collect$$_printf_percent$$0000000F)
    _printf_llo                              0x08000243   Thumb Code     0  _printf_llo.o(.ARM.Collect$$_printf_percent$$00000010)
    _printf_llx                              0x08000249   Thumb Code     0  _printf_llx.o(.ARM.Collect$$_printf_percent$$00000011)
    _printf_l                                0x0800024f   Thumb Code     0  _printf_l.o(.ARM.Collect$$_printf_percent$$00000012)
    _printf_c                                0x08000259   Thumb Code     0  _printf_c.o(.ARM.Collect$$_printf_percent$$00000013)
    _printf_s                                0x0800025f   Thumb Code     0  _printf_s.o(.ARM.Collect$$_printf_percent$$00000014)
    _printf_lc                               0x08000265   Thumb Code     0  _printf_lc.o(.ARM.Collect$$_printf_percent$$00000015)
    _printf_ls                               0x0800026b   Thumb Code     0  _printf_ls.o(.ARM.Collect$$_printf_percent$$00000016)
    _printf_percent_end                      0x08000271   Thumb Code     0  _printf_percent_end.o(.ARM.Collect$$_printf_percent$$00000017)
    __rt_lib_init                            0x08000275   Thumb Code     0  libinit.o(.ARM.Collect$$libinit$$00000000)
    __rt_lib_init_fp_1                       0x08000277   Thumb Code     0  libinit2.o(.ARM.Collect$$libinit$$00000002)
    __rt_lib_init_heap_1                     0x08000277   Thumb Code     0  libinit2.o(.ARM.Collect$$libinit$$0000000A)
    __rt_lib_init_lc_common                  0x08000277   Thumb Code     0  libinit2.o(.ARM.Collect$$libinit$$0000000F)
    __rt_lib_init_preinit_1                  0x08000277   Thumb Code     0  libinit2.o(.ARM.Collect$$libinit$$00000004)
    __rt_lib_init_rand_1                     0x08000277   Thumb Code     0  libinit2.o(.ARM.Collect$$libinit$$0000000E)
    __rt_lib_init_user_alloc_1               0x08000277   Thumb Code     0  libinit2.o(.ARM.Collect$$libinit$$0000000C)
    __rt_lib_init_lc_collate_1               0x0800027d   Thumb Code     0  libinit2.o(.ARM.Collect$$libinit$$00000011)
    __rt_lib_init_lc_ctype_2                 0x0800027d   Thumb Code     0  libinit2.o(.ARM.Collect$$libinit$$00000012)
    __rt_lib_init_lc_ctype_1                 0x08000289   Thumb Code     0  libinit2.o(.ARM.Collect$$libinit$$00000013)
    __rt_lib_init_lc_monetary_1              0x08000289   Thumb Code     0  libinit2.o(.ARM.Collect$$libinit$$00000015)
    __rt_lib_init_lc_numeric_2               0x08000289   Thumb Code     0  libinit2.o(.ARM.Collect$$libinit$$00000016)
    __rt_lib_init_alloca_1                   0x08000293   Thumb Code     0  libinit2.o(.ARM.Collect$$libinit$$0000002E)
    __rt_lib_init_argv_1                     0x08000293   Thumb Code     0  libinit2.o(.ARM.Collect$$libinit$$0000002C)
    __rt_lib_init_atexit_1                   0x08000293   Thumb Code     0  libinit2.o(.ARM.Collect$$libinit$$0000001B)
    __rt_lib_init_clock_1                    0x08000293   Thumb Code     0  libinit2.o(.ARM.Collect$$libinit$$00000021)
    __rt_lib_init_cpp_1                      0x08000293   Thumb Code     0  libinit2.o(.ARM.Collect$$libinit$$00000032)
    __rt_lib_init_exceptions_1               0x08000293   Thumb Code     0  libinit2.o(.ARM.Collect$$libinit$$00000030)
    __rt_lib_init_fp_trap_1                  0x08000293   Thumb Code     0  libinit2.o(.ARM.Collect$$libinit$$0000001F)
    __rt_lib_init_getenv_1                   0x08000293   Thumb Code     0  libinit2.o(.ARM.Collect$$libinit$$00000023)
    __rt_lib_init_lc_numeric_1               0x08000293   Thumb Code     0  libinit2.o(.ARM.Collect$$libinit$$00000017)
    __rt_lib_init_lc_time_1                  0x08000293   Thumb Code     0  libinit2.o(.ARM.Collect$$libinit$$00000019)
    __rt_lib_init_return                     0x08000293   Thumb Code     0  libinit2.o(.ARM.Collect$$libinit$$00000033)
    __rt_lib_init_signal_1                   0x08000293   Thumb Code     0  libinit2.o(.ARM.Collect$$libinit$$0000001D)
    __rt_lib_init_stdio_1                    0x08000293   Thumb Code     0  libinit2.o(.ARM.Collect$$libinit$$00000025)
    __rt_lib_shutdown                        0x08000295   Thumb Code     0  libshutdown.o(.ARM.Collect$$libshutdown$$00000000)
    __rt_lib_shutdown_cpp_1                  0x08000297   Thumb Code     0  libshutdown2.o(.ARM.Collect$$libshutdown$$00000002)
    __rt_lib_shutdown_fp_trap_1              0x08000297   Thumb Code     0  libshutdown2.o(.ARM.Collect$$libshutdown$$00000007)
    __rt_lib_shutdown_heap_1                 0x08000297   Thumb Code     0  libshutdown2.o(.ARM.Collect$$libshutdown$$0000000F)
    __rt_lib_shutdown_return                 0x08000297   Thumb Code     0  libshutdown2.o(.ARM.Collect$$libshutdown$$00000010)
    __rt_lib_shutdown_signal_1               0x08000297   Thumb Code     0  libshutdown2.o(.ARM.Collect$$libshutdown$$0000000A)
    __rt_lib_shutdown_stdio_1                0x08000297   Thumb Code     0  libshutdown2.o(.ARM.Collect$$libshutdown$$00000004)
    __rt_lib_shutdown_user_alloc_1           0x08000297   Thumb Code     0  libshutdown2.o(.ARM.Collect$$libshutdown$$0000000C)
    __rt_entry                               0x08000299   Thumb Code     0  __rtentry.o(.ARM.Collect$$rtentry$$00000000)
    __rt_entry_presh_1                       0x08000299   Thumb Code     0  __rtentry2.o(.ARM.Collect$$rtentry$$00000002)
    __rt_entry_sh                            0x08000299   Thumb Code     0  __rtentry4.o(.ARM.Collect$$rtentry$$00000004)
    __rt_entry_li                            0x0800029f   Thumb Code     0  __rtentry2.o(.ARM.Collect$$rtentry$$0000000A)
    __rt_entry_postsh_1                      0x0800029f   Thumb Code     0  __rtentry2.o(.ARM.Collect$$rtentry$$00000009)
    __rt_entry_main                          0x080002a3   Thumb Code     0  __rtentry2.o(.ARM.Collect$$rtentry$$0000000D)
    __rt_entry_postli_1                      0x080002a3   Thumb Code     0  __rtentry2.o(.ARM.Collect$$rtentry$$0000000C)
    __rt_exit                                0x080002ab   Thumb Code     0  rtexit.o(.ARM.Collect$$rtexit$$00000000)
    __rt_exit_ls                             0x080002ad   Thumb Code     0  rtexit2.o(.ARM.Collect$$rtexit$$00000003)
    __rt_exit_prels_1                        0x080002ad   Thumb Code     0  rtexit2.o(.ARM.Collect$$rtexit$$00000002)
    __rt_exit_exit                           0x080002b1   Thumb Code     0  rtexit2.o(.ARM.Collect$$rtexit$$00000004)
    Reset_Handler                            0x080002b9   Thumb Code     8  startup_stm32f10x_hd.o(.text)
    ADC1_2_IRQHandler                        0x080002d3   Thumb Code     0  startup_stm32f10x_hd.o(.text)
    ADC3_IRQHandler                          0x080002d3   Thumb Code     0  startup_stm32f10x_hd.o(.text)
    CAN1_RX1_IRQHandler                      0x080002d3   Thumb Code     0  startup_stm32f10x_hd.o(.text)
    CAN1_SCE_IRQHandler                      0x080002d3   Thumb Code     0  startup_stm32f10x_hd.o(.text)
    DMA1_Channel1_IRQHandler                 0x080002d3   Thumb Code     0  startup_stm32f10x_hd.o(.text)
    DMA1_Channel2_IRQHandler                 0x080002d3   Thumb Code     0  startup_stm32f10x_hd.o(.text)
    DMA1_Channel3_IRQHandler                 0x080002d3   Thumb Code     0  startup_stm32f10x_hd.o(.text)
    DMA1_Channel4_IRQHandler                 0x080002d3   Thumb Code     0  startup_stm32f10x_hd.o(.text)
    DMA1_Channel5_IRQHandler                 0x080002d3   Thumb Code     0  startup_stm32f10x_hd.o(.text)
    DMA1_Channel6_IRQHandler                 0x080002d3   Thumb Code     0  startup_stm32f10x_hd.o(.text)
    DMA1_Channel7_IRQHandler                 0x080002d3   Thumb Code     0  startup_stm32f10x_hd.o(.text)
    DMA2_Channel1_IRQHandler                 0x080002d3   Thumb Code     0  startup_stm32f10x_hd.o(.text)
    DMA2_Channel2_IRQHandler                 0x080002d3   Thumb Code     0  startup_stm32f10x_hd.o(.text)
    DMA2_Channel3_IRQHandler                 0x080002d3   Thumb Code     0  startup_stm32f10x_hd.o(.text)
    DMA2_Channel4_5_IRQHandler               0x080002d3   Thumb Code     0  startup_stm32f10x_hd.o(.text)
    EXTI0_IRQHandler                         0x080002d3   Thumb Code     0  startup_stm32f10x_hd.o(.text)
    EXTI15_10_IRQHandler                     0x080002d3   Thumb Code     0  startup_stm32f10x_hd.o(.text)
    EXTI1_IRQHandler                         0x080002d3   Thumb Code     0  startup_stm32f10x_hd.o(.text)
    EXTI2_IRQHandler                         0x080002d3   Thumb Code     0  startup_stm32f10x_hd.o(.text)
    EXTI3_IRQHandler                         0x080002d3   Thumb Code     0  startup_stm32f10x_hd.o(.text)
    EXTI4_IRQHandler                         0x080002d3   Thumb Code     0  startup_stm32f10x_hd.o(.text)
    EXTI9_5_IRQHandler                       0x080002d3   Thumb Code     0  startup_stm32f10x_hd.o(.text)
    FLASH_IRQHandler                         0x080002d3   Thumb Code     0  startup_stm32f10x_hd.o(.text)
    FSMC_IRQHandler                          0x080002d3   Thumb Code     0  startup_stm32f10x_hd.o(.text)
    I2C1_ER_IRQHandler                       0x080002d3   Thumb Code     0  startup_stm32f10x_hd.o(.text)
    I2C1_EV_IRQHandler                       0x080002d3   Thumb Code     0  startup_stm32f10x_hd.o(.text)
    I2C2_ER_IRQHandler                       0x080002d3   Thumb Code     0  startup_stm32f10x_hd.o(.text)
    I2C2_EV_IRQHandler                       0x080002d3   Thumb Code     0  startup_stm32f10x_hd.o(.text)
    PVD_IRQHandler                           0x080002d3   Thumb Code     0  startup_stm32f10x_hd.o(.text)
    RCC_IRQHandler                           0x080002d3   Thumb Code     0  startup_stm32f10x_hd.o(.text)
    RTCAlarm_IRQHandler                      0x080002d3   Thumb Code     0  startup_stm32f10x_hd.o(.text)
    RTC_IRQHandler                           0x080002d3   Thumb Code     0  startup_stm32f10x_hd.o(.text)
    SDIO_IRQHandler                          0x080002d3   Thumb Code     0  startup_stm32f10x_hd.o(.text)
    SPI1_IRQHandler                          0x080002d3   Thumb Code     0  startup_stm32f10x_hd.o(.text)
    SPI2_IRQHandler                          0x080002d3   Thumb Code     0  startup_stm32f10x_hd.o(.text)
    SPI3_IRQHandler                          0x080002d3   Thumb Code     0  startup_stm32f10x_hd.o(.text)
    TAMPER_IRQHandler                        0x080002d3   Thumb Code     0  startup_stm32f10x_hd.o(.text)
    TIM1_BRK_IRQHandler                      0x080002d3   Thumb Code     0  startup_stm32f10x_hd.o(.text)
    TIM1_CC_IRQHandler                       0x080002d3   Thumb Code     0  startup_stm32f10x_hd.o(.text)
    TIM1_TRG_COM_IRQHandler                  0x080002d3   Thumb Code     0  startup_stm32f10x_hd.o(.text)
    TIM1_UP_IRQHandler                       0x080002d3   Thumb Code     0  startup_stm32f10x_hd.o(.text)
    TIM2_IRQHandler                          0x080002d3   Thumb Code     0  startup_stm32f10x_hd.o(.text)
    TIM3_IRQHandler                          0x080002d3   Thumb Code     0  startup_stm32f10x_hd.o(.text)
    TIM5_IRQHandler                          0x080002d3   Thumb Code     0  startup_stm32f10x_hd.o(.text)
    TIM6_IRQHandler                          0x080002d3   Thumb Code     0  startup_stm32f10x_hd.o(.text)
    TIM8_BRK_IRQHandler                      0x080002d3   Thumb Code     0  startup_stm32f10x_hd.o(.text)
    TIM8_CC_IRQHandler                       0x080002d3   Thumb Code     0  startup_stm32f10x_hd.o(.text)
    TIM8_TRG_COM_IRQHandler                  0x080002d3   Thumb Code     0  startup_stm32f10x_hd.o(.text)
    TIM8_UP_IRQHandler                       0x080002d3   Thumb Code     0  startup_stm32f10x_hd.o(.text)
    UART4_IRQHandler                         0x080002d3   Thumb Code     0  startup_stm32f10x_hd.o(.text)
    UART5_IRQHandler                         0x080002d3   Thumb Code     0  startup_stm32f10x_hd.o(.text)
    USART2_IRQHandler                        0x080002d3   Thumb Code     0  startup_stm32f10x_hd.o(.text)
    USBWakeUp_IRQHandler                     0x080002d3   Thumb Code     0  startup_stm32f10x_hd.o(.text)
    USB_HP_CAN1_TX_IRQHandler                0x080002d3   Thumb Code     0  startup_stm32f10x_hd.o(.text)
    USB_LP_CAN1_RX0_IRQHandler               0x080002d3   Thumb Code     0  startup_stm32f10x_hd.o(.text)
    WWDG_IRQHandler                          0x080002d3   Thumb Code     0  startup_stm32f10x_hd.o(.text)
    __user_initial_stackheap                 0x080002d5   Thumb Code     0  startup_stm32f10x_hd.o(.text)
    __use_no_semihosting                     0x080002f9   Thumb Code     2  use_no_semi_2.o(.text)
    __c89vsprintf                            0x080002fd   Thumb Code    32  c89vsprintf.o(.text)
    __2printf                                0x08000321   Thumb Code    20  __2printf.o(.text)
    _printf_pre_padding                      0x08000339   Thumb Code    44  _printf_pad.o(.text)
    _printf_post_padding                     0x08000365   Thumb Code    34  _printf_pad.o(.text)
    _printf_str                              0x08000387   Thumb Code    82  _printf_str.o(.text)
    _printf_int_dec                          0x080003d9   Thumb Code   104  _printf_dec.o(.text)
    _printf_longlong_hex                     0x08000451   Thumb Code    86  _printf_hex_int_ll_ptr.o(.text)
    _printf_int_hex                          0x080004a7   Thumb Code    28  _printf_hex_int_ll_ptr.o(.text)
    _printf_ll_hex                           0x080004c3   Thumb Code    12  _printf_hex_int_ll_ptr.o(.text)
    _printf_hex_ptr                          0x080004cf   Thumb Code    18  _printf_hex_int_ll_ptr.o(.text)
    __printf                                 0x080004e5   Thumb Code   388  __printf_flags_ss_wp.o(.text)
    strstr                                   0x0800066d   Thumb Code    36  strstr.o(.text)
    strlen                                   0x08000691   Thumb Code    62  strlen.o(.text)
    strcmp                                   0x080006d1   Thumb Code   128  strcmpv7m.o(.text)
    __use_two_region_memory                  0x08000751   Thumb Code     2  heapauxi.o(.text)
    __rt_heap_escrow$2region                 0x08000753   Thumb Code     2  heapauxi.o(.text)
    __rt_heap_expand$2region                 0x08000755   Thumb Code     2  heapauxi.o(.text)
    __I$use$semihosting                      0x08000757   Thumb Code     0  use_no_semi.o(.text)
    __use_no_semihosting_swi                 0x08000757   Thumb Code     2  use_no_semi.o(.text)
    _printf_truncate_signed                  0x08000759   Thumb Code    18  _printf_truncate.o(.text)
    _printf_truncate_unsigned                0x0800076b   Thumb Code    18  _printf_truncate.o(.text)
    _printf_int_common                       0x0800077d   Thumb Code   178  _printf_intcommon.o(.text)
    _printf_charcount                        0x0800082f   Thumb Code    40  _printf_charcount.o(.text)
    _printf_char_common                      0x08000863   Thumb Code    32  _printf_char_common.o(.text)
    _sputc                                   0x08000889   Thumb Code    10  _sputc.o(.text)
    _printf_cs_common                        0x08000893   Thumb Code    20  _printf_char.o(.text)
    _printf_char                             0x080008a7   Thumb Code    16  _printf_char.o(.text)
    _printf_string                           0x080008b7   Thumb Code     8  _printf_char.o(.text)
    _printf_char_file                        0x080008c1   Thumb Code    32  _printf_char_file.o(.text)
    _printf_wctomb                           0x080008e5   Thumb Code   182  _printf_wctomb.o(.text)
    _printf_longlong_dec                     0x080009a1   Thumb Code   108  _printf_longlong_dec.o(.text)
    _printf_longlong_oct                     0x08000a1d   Thumb Code    66  _printf_oct_int_ll.o(.text)
    _printf_int_oct                          0x08000a5f   Thumb Code    24  _printf_oct_int_ll.o(.text)
    _printf_ll_oct                           0x08000a77   Thumb Code    12  _printf_oct_int_ll.o(.text)
    _ll_udiv10                               0x08000a8d   Thumb Code   138  lludiv10.o(.text)
    __lib_sel_fp_printf                      0x08000b17   Thumb Code     2  _printf_fp_dec.o(.text)
    _printf_fp_dec_real                      0x08000cc5   Thumb Code   620  _printf_fp_dec.o(.text)
    _printf_lcs_common                       0x08000f31   Thumb Code    20  _printf_wchar.o(.text)
    _printf_wchar                            0x08000f45   Thumb Code    16  _printf_wchar.o(.text)
    _printf_wstring                          0x08000f55   Thumb Code     8  _printf_wchar.o(.text)
    ferror                                   0x08000f5d   Thumb Code     8  ferror.o(.text)
    _wcrtomb                                 0x08000f65   Thumb Code    64  _wcrtomb.o(.text)
    __user_libspace                          0x08000fa5   Thumb Code     8  libspace.o(.text)
    __user_perproc_libspace                  0x08000fa5   Thumb Code     0  libspace.o(.text)
    __user_perthread_libspace                0x08000fa5   Thumb Code     0  libspace.o(.text)
    __user_setup_stackheap                   0x08000fad   Thumb Code    74  sys_stackheap_outer.o(.text)
    __rt_ctype_table                         0x08000ff9   Thumb Code    16  rt_ctype_table.o(.text)
    __rt_locale                              0x08001009   Thumb Code     8  rt_locale_intlibspace.o(.text)
    _printf_fp_infnan                        0x08001011   Thumb Code   112  _printf_fp_infnan.o(.text)
    _btod_etento                             0x08001091   Thumb Code   216  bigflt0.o(.text)
    exit                                     0x0800116d   Thumb Code    18  exit.o(.text)
    _btod_d2e                                0x0800117f   Thumb Code    62  btod.o(CL$$btod_d2e)
    _d2e_denorm_low                          0x080011bd   Thumb Code    70  btod.o(CL$$btod_d2e_denorm_low)
    _d2e_norm_op1                            0x08001203   Thumb Code    96  btod.o(CL$$btod_d2e_norm_op1)
    __btod_div_common                        0x08001263   Thumb Code   696  btod.o(CL$$btod_div_common)
    _e2e                                     0x0800159b   Thumb Code   198  btod.o(CL$$btod_e2e)
    _btod_ediv                               0x08001661   Thumb Code    40  btod.o(CL$$btod_ediv)
    _btod_emul                               0x08001689   Thumb Code    40  btod.o(CL$$btod_emul)
    __btod_mult_common                       0x080016b1   Thumb Code   580  btod.o(CL$$btod_mult_common)
    ADC_Cmd                                  0x080018f5   Thumb Code    22  stm32f10x_adc.o(i.ADC_Cmd)
    ADC_DeInit                               0x0800190d   Thumb Code    78  stm32f10x_adc.o(i.ADC_DeInit)
    ADC_GetCalibrationStatus                 0x08001969   Thumb Code    20  stm32f10x_adc.o(i.ADC_GetCalibrationStatus)
    ADC_GetConversionValue                   0x0800197d   Thumb Code     8  stm32f10x_adc.o(i.ADC_GetConversionValue)
    ADC_GetFlagStatus                        0x08001985   Thumb Code    18  stm32f10x_adc.o(i.ADC_GetFlagStatus)
    ADC_GetResetCalibrationStatus            0x08001997   Thumb Code    20  stm32f10x_adc.o(i.ADC_GetResetCalibrationStatus)
    ADC_Init                                 0x080019ad   Thumb Code    70  stm32f10x_adc.o(i.ADC_Init)
    ADC_RegularChannelConfig                 0x080019fd   Thumb Code   184  stm32f10x_adc.o(i.ADC_RegularChannelConfig)
    ADC_ResetCalibration                     0x08001ab5   Thumb Code    10  stm32f10x_adc.o(i.ADC_ResetCalibration)
    ADC_SoftwareStartConvCmd                 0x08001abf   Thumb Code    22  stm32f10x_adc.o(i.ADC_SoftwareStartConvCmd)
    ADC_StartCalibration                     0x08001ad5   Thumb Code    10  stm32f10x_adc.o(i.ADC_StartCalibration)
    Adc_Init                                 0x08001ae1   Thumb Code   132  adc.o(i.Adc_Init)
    BusFault_Handler                         0x08001b6d   Thumb Code     4  stm32f10x_it.o(i.BusFault_Handler)
    DebugMon_Handler                         0x08001b71   Thumb Code     2  stm32f10x_it.o(i.DebugMon_Handler)
    FSMC_NORSRAMCmd                          0x08001b75   Thumb Code    46  stm32f10x_fsmc.o(i.FSMC_NORSRAMCmd)
    FSMC_NORSRAMInit                         0x08001ba9   Thumb Code   230  stm32f10x_fsmc.o(i.FSMC_NORSRAMInit)
    GPIO_Init                                0x08001c8f   Thumb Code   278  stm32f10x_gpio.o(i.GPIO_Init)
    GPIO_ResetBits                           0x08001da5   Thumb Code     4  stm32f10x_gpio.o(i.GPIO_ResetBits)
    GPIO_SetBits                             0x08001da9   Thumb Code     4  stm32f10x_gpio.o(i.GPIO_SetBits)
    Get_Adc                                  0x08001dad   Thumb Code    46  adc.o(i.Get_Adc)
    Get_Adc_Average                          0x08001de1   Thumb Code    46  adc.o(i.Get_Adc_Average)
    HardFault_Handler                        0x08001e0f   Thumb Code     4  stm32f10x_it.o(i.HardFault_Handler)
    LCD_Clear                                0x08001e15   Thumb Code   100  lcd.o(i.LCD_Clear)
    LCD_Display_Dir                          0x08001e81   Thumb Code   444  lcd.o(i.LCD_Display_Dir)
    LCD_Fast_DrawPoint                       0x08002041   Thumb Code   370  lcd.o(i.LCD_Fast_DrawPoint)
    LCD_Init                                 0x080021bd   Thumb Code 14186  lcd.o(i.LCD_Init)
    LCD_Pow                                  0x08005931   Thumb Code    22  lcd.o(i.LCD_Pow)
    LCD_RD_DATA                              0x08005949   Thumb Code    14  lcd.o(i.LCD_RD_DATA)
    LCD_ReadReg                              0x0800595d   Thumb Code    22  lcd.o(i.LCD_ReadReg)
    LCD_SSD_BackLightSet                     0x08005975   Thumb Code    80  lcd.o(i.LCD_SSD_BackLightSet)
    LCD_Scan_Dir                             0x080059c9   Thumb Code   744  lcd.o(i.LCD_Scan_Dir)
    LCD_SetCursor                            0x08005cb5   Thumb Code   418  lcd.o(i.LCD_SetCursor)
    LCD_ShowChar                             0x08005e5d   Thumb Code   272  lcd.o(i.LCD_ShowChar)
    LCD_ShowString                           0x08005f85   Thumb Code   102  lcd.o(i.LCD_ShowString)
    LCD_ShowxNum                             0x08005feb   Thumb Code   190  lcd.o(i.LCD_ShowxNum)
    LCD_WR_DATA                              0x080060a9   Thumb Code     6  lcd.o(i.LCD_WR_DATA)
    LCD_WR_REG                               0x080060b5   Thumb Code     6  lcd.o(i.LCD_WR_REG)
    LCD_WriteRAM_Prepare                     0x080060c1   Thumb Code    10  lcd.o(i.LCD_WriteRAM_Prepare)
    LCD_WriteReg                             0x080060d5   Thumb Code    10  lcd.o(i.LCD_WriteReg)
    LED_Init                                 0x080060e5   Thumb Code    90  led.o(i.LED_Init)
    MemManage_Handler                        0x0800614d   Thumb Code     4  stm32f10x_it.o(i.MemManage_Handler)
    NMI_Handler                              0x08006151   Thumb Code     2  stm32f10x_it.o(i.NMI_Handler)
    NVIC_Init                                0x08006155   Thumb Code   100  misc.o(i.NVIC_Init)
    NVIC_PriorityGroupConfig                 0x080061c5   Thumb Code    10  misc.o(i.NVIC_PriorityGroupConfig)
    PendSV_Handler                           0x080061d9   Thumb Code     2  stm32f10x_it.o(i.PendSV_Handler)
    RCC_ADCCLKConfig                         0x080061dd   Thumb Code    18  stm32f10x_rcc.o(i.RCC_ADCCLKConfig)
    RCC_AHBPeriphClockCmd                    0x080061f5   Thumb Code    26  stm32f10x_rcc.o(i.RCC_AHBPeriphClockCmd)
    RCC_APB1PeriphClockCmd                   0x08006215   Thumb Code    26  stm32f10x_rcc.o(i.RCC_APB1PeriphClockCmd)
    RCC_APB1PeriphResetCmd                   0x08006235   Thumb Code    26  stm32f10x_rcc.o(i.RCC_APB1PeriphResetCmd)
    RCC_APB2PeriphClockCmd                   0x08006255   Thumb Code    26  stm32f10x_rcc.o(i.RCC_APB2PeriphClockCmd)
    RCC_APB2PeriphResetCmd                   0x08006275   Thumb Code    26  stm32f10x_rcc.o(i.RCC_APB2PeriphResetCmd)
    RCC_GetClocksFreq                        0x08006295   Thumb Code   192  stm32f10x_rcc.o(i.RCC_GetClocksFreq)
    SVC_Handler                              0x08006369   Thumb Code     2  stm32f10x_it.o(i.SVC_Handler)
    SysTick_CLKSourceConfig                  0x08006455   Thumb Code    40  misc.o(i.SysTick_CLKSourceConfig)
    SysTick_Handler                          0x0800647d   Thumb Code     2  stm32f10x_it.o(i.SysTick_Handler)
    SystemInit                               0x08006481   Thumb Code    78  system_stm32f10x.o(i.SystemInit)
    TIM4_IRQHandler                          0x080064e1   Thumb Code    46  usmart.o(i.TIM4_IRQHandler)
    TIM7_IRQHandler                          0x08006519   Thumb Code    42  timer.o(i.TIM7_IRQHandler)
    TIM7_Int_Init                            0x0800654d   Thumb Code    90  timer.o(i.TIM7_Int_Init)
    TIM_ClearFlag                            0x080065ad   Thumb Code     6  stm32f10x_tim.o(i.TIM_ClearFlag)
    TIM_ClearITPendingBit                    0x080065b3   Thumb Code     6  stm32f10x_tim.o(i.TIM_ClearITPendingBit)
    TIM_Cmd                                  0x080065b9   Thumb Code    24  stm32f10x_tim.o(i.TIM_Cmd)
    TIM_GetCounter                           0x080065d1   Thumb Code     6  stm32f10x_tim.o(i.TIM_GetCounter)
    TIM_GetFlagStatus                        0x080065d7   Thumb Code    18  stm32f10x_tim.o(i.TIM_GetFlagStatus)
    TIM_GetITStatus                          0x080065e9   Thumb Code    34  stm32f10x_tim.o(i.TIM_GetITStatus)
    TIM_ITConfig                             0x0800660b   Thumb Code    18  stm32f10x_tim.o(i.TIM_ITConfig)
    TIM_SetAutoreload                        0x0800661d   Thumb Code     4  stm32f10x_tim.o(i.TIM_SetAutoreload)
    TIM_SetCounter                           0x08006621   Thumb Code     4  stm32f10x_tim.o(i.TIM_SetCounter)
    TIM_TimeBaseInit                         0x08006625   Thumb Code   122  stm32f10x_tim.o(i.TIM_TimeBaseInit)
    Timer4_Init                              0x080066c9   Thumb Code    88  usmart.o(i.Timer4_Init)
    USART1_IRQHandler                        0x08006725   Thumb Code   122  usart.o(i.USART1_IRQHandler)
    USART3_IRQHandler                        0x080067ad   Thumb Code    94  usart3.o(i.USART3_IRQHandler)
    USART_Cmd                                0x0800681d   Thumb Code    24  stm32f10x_usart.o(i.USART_Cmd)
    USART_DeInit                             0x08006835   Thumb Code   134  stm32f10x_usart.o(i.USART_DeInit)
    USART_GetFlagStatus                      0x080068d1   Thumb Code    26  stm32f10x_usart.o(i.USART_GetFlagStatus)
    USART_GetITStatus                        0x080068eb   Thumb Code    84  stm32f10x_usart.o(i.USART_GetITStatus)
    USART_ITConfig                           0x0800693f   Thumb Code    74  stm32f10x_usart.o(i.USART_ITConfig)
    USART_Init                               0x08006989   Thumb Code   210  stm32f10x_usart.o(i.USART_Init)
    USART_ReceiveData                        0x08006a61   Thumb Code    10  stm32f10x_usart.o(i.USART_ReceiveData)
    USART_SendData                           0x08006a6b   Thumb Code     8  stm32f10x_usart.o(i.USART_SendData)
    UsageFault_Handler                       0x08006a73   Thumb Code     4  stm32f10x_it.o(i.UsageFault_Handler)
    __ARM_fpclassify                         0x08006a77   Thumb Code    40  fpclassify.o(i.__ARM_fpclassify)
    _is_digit                                0x08006a9f   Thumb Code    14  __printf_wp.o(i._is_digit)
    _sys_exit                                0x08006aad   Thumb Code     6  usart.o(i._sys_exit)
    atk_8266_at_response                     0x08006ab5   Thumb Code  1200  common.o(i.atk_8266_at_response)
    atk_8266_check_cmd                       0x08006f65   Thumb Code    44  common.o(i.atk_8266_check_cmd)
    atk_8266_consta_check                    0x08006f99   Thumb Code    36  common.o(i.atk_8266_consta_check)
    atk_8266_quit_trans                      0x08006fdd   Thumb Code   100  common.o(i.atk_8266_quit_trans)
    atk_8266_send_cmd                        0x0800704d   Thumb Code    84  common.o(i.atk_8266_send_cmd)
    atk_8266_send_data                       0x080070ad   Thumb Code    84  common.o(i.atk_8266_send_data)
    atk_8266_test                            0x08007109   Thumb Code   812  common.o(i.atk_8266_test)
    chartou16                                0x08007555   Thumb Code    94  common.o(i.chartou16)
    delay_init                               0x080075bd   Thumb Code    50  delay.o(i.delay_init)
    delay_ms                                 0x08007601   Thumb Code    72  delay.o(i.delay_ms)
    delay_us                                 0x0800764d   Thumb Code    72  delay.o(i.delay_us)
    fputc                                    0x08007699   Thumb Code    24  usart.o(i.fputc)
    main                                     0x080076b5   Thumb Code   264  main.o(i.main)
    read_addr                                0x08007841   Thumb Code     6  usmart.o(i.read_addr)
    u3_printf                                0x08007849   Thumb Code    72  usart3.o(i.u3_printf)
    u8tochar                                 0x08007899   Thumb Code    94  common.o(i.u8tochar)
    uart_init                                0x08007901   Thumb Code   152  usart.o(i.uart_init)
    usart3_init                              0x080079a1   Thumb Code   192  usart3.o(i.usart3_init)
    usmart_cmd_rec                           0x08007a71   Thumb Code   170  usmart.o(i.usmart_cmd_rec)
    usmart_exe                               0x08007b21   Thumb Code   632  usmart.o(i.usmart_exe)
    usmart_get_aparm                         0x08007df5   Thumb Code   200  usmart_str.o(i.usmart_get_aparm)
    usmart_get_cmdname                       0x08007ebd   Thumb Code    54  usmart_str.o(i.usmart_get_cmdname)
    usmart_get_fname                         0x08007ef5   Thumb Code   440  usmart_str.o(i.usmart_get_fname)
    usmart_get_fparam                        0x080080b5   Thumb Code   262  usmart_str.o(i.usmart_get_fparam)
    usmart_get_parmpos                       0x080081c1   Thumb Code    26  usmart_str.o(i.usmart_get_parmpos)
    usmart_get_runtime                       0x080081e1   Thumb Code    60  usmart.o(i.usmart_get_runtime)
    usmart_init                              0x08008225   Thumb Code    36  usmart.o(i.usmart_init)
    usmart_pow                               0x0800824d   Thumb Code    22  usmart_str.o(i.usmart_pow)
    usmart_reset_runtime                     0x08008265   Thumb Code    38  usmart.o(i.usmart_reset_runtime)
    usmart_scan                              0x08008295   Thumb Code   120  usmart.o(i.usmart_scan)
    usmart_search_nextc                      0x08008351   Thumb Code    22  usmart_str.o(i.usmart_search_nextc)
    usmart_str2num                           0x08008367   Thumb Code   202  usmart_str.o(i.usmart_str2num)
    usmart_strcmp                            0x08008431   Thumb Code    34  usmart_str.o(i.usmart_strcmp)
    usmart_strcopy                           0x08008453   Thumb Code    22  usmart_str.o(i.usmart_strcopy)
    usmart_strlen                            0x08008469   Thumb Code    24  usmart_str.o(i.usmart_strlen)
    usmart_sys_cmd_exe                       0x08008481   Thumb Code  1554  usmart.o(i.usmart_sys_cmd_exe)
    write_addr                               0x08008b65   Thumb Code     4  usmart.o(i.write_addr)
    _get_lc_numeric                          0x08008b69   Thumb Code    44  lc_numeric_c.o(locale$$code)
    _get_lc_ctype                            0x08008b95   Thumb Code    44  lc_ctype_c.o(locale$$code)
    __aeabi_d2f                              0x08008bc1   Thumb Code     0  d2f.o(x$fpl$d2f)
    _d2f                                     0x08008bc1   Thumb Code    98  d2f.o(x$fpl$d2f)
    __aeabi_d2uiz                            0x08008c25   Thumb Code     0  dfixu.o(x$fpl$dfixu)
    _dfixu                                   0x08008c25   Thumb Code    90  dfixu.o(x$fpl$dfixu)
    __aeabi_ui2d                             0x08008c7f   Thumb Code     0  dflt_clz.o(x$fpl$dfltu)
    _dfltu                                   0x08008c7f   Thumb Code    38  dflt_clz.o(x$fpl$dfltu)
    __aeabi_dmul                             0x08008ca5   Thumb Code     0  dmul.o(x$fpl$dmul)
    _dmul                                    0x08008ca5   Thumb Code   332  dmul.o(x$fpl$dmul)
    __fpl_dnaninf                            0x08008df9   Thumb Code   156  dnaninf.o(x$fpl$dnaninf)
    __fpl_dretinf                            0x08008e95   Thumb Code    12  dretinf.o(x$fpl$dretinf)
    __aeabi_f2d                              0x08008ea1   Thumb Code     0  f2d.o(x$fpl$f2d)
    _f2d                                     0x08008ea1   Thumb Code    86  f2d.o(x$fpl$f2d)
    __aeabi_fadd                             0x08008ef9   Thumb Code     0  faddsub_clz.o(x$fpl$fadd)
    _fadd                                    0x08008ef9   Thumb Code   196  faddsub_clz.o(x$fpl$fadd)
    __fpl_fcmp_Inf                           0x08008fbd   Thumb Code    24  fcmpi.o(x$fpl$fcmpinf)
    __aeabi_fdiv                             0x08008fd5   Thumb Code     0  fdiv.o(x$fpl$fdiv)
    _fdiv                                    0x08008fd5   Thumb Code   384  fdiv.o(x$fpl$fdiv)
    __aeabi_f2uiz                            0x08009159   Thumb Code     0  ffixu.o(x$fpl$ffixu)
    _ffixu                                   0x08009159   Thumb Code    62  ffixu.o(x$fpl$ffixu)
    __aeabi_ui2f                             0x08009199   Thumb Code     0  fflt_clz.o(x$fpl$ffltu)
    _ffltu                                   0x08009199   Thumb Code    38  fflt_clz.o(x$fpl$ffltu)
    __aeabi_cfcmple                          0x080091c1   Thumb Code     0  fleqf.o(x$fpl$fleqf)
    _fcmple                                  0x080091c1   Thumb Code   104  fleqf.o(x$fpl$fleqf)
    __fpl_fcmple_InfNaN                      0x08009213   Thumb Code     0  fleqf.o(x$fpl$fleqf)
    __aeabi_fmul                             0x08009229   Thumb Code     0  fmul.o(x$fpl$fmul)
    _fmul                                    0x08009229   Thumb Code   258  fmul.o(x$fpl$fmul)
    __fpl_fnaninf                            0x0800932b   Thumb Code   140  fnaninf.o(x$fpl$fnaninf)
    __fpl_fretinf                            0x080093b7   Thumb Code    10  fretinf.o(x$fpl$fretinf)
    __aeabi_cfrcmple                         0x080093c1   Thumb Code     0  frleqf.o(x$fpl$frleqf)
    _frcmple                                 0x080093c1   Thumb Code    98  frleqf.o(x$fpl$frleqf)
    __aeabi_frsub                            0x08009423   Thumb Code     0  faddsub_clz.o(x$fpl$frsb)
    _frsb                                    0x08009423   Thumb Code    20  faddsub_clz.o(x$fpl$frsb)
    __aeabi_fsub                             0x08009439   Thumb Code     0  faddsub_clz.o(x$fpl$fsub)
    _fsub                                    0x08009439   Thumb Code   234  faddsub_clz.o(x$fpl$fsub)
    _printf_fp_dec                           0x08009523   Thumb Code     4  printf1.o(x$fpl$printf1)
    __I$use$fp                               0x08009526   Number         0  usenofp.o(x$fpl$usenofp)
    asc2_1206                                0x08009526   Data        1140  lcd.o(.constdata)
    asc2_1608                                0x0800999a   Data        1520  lcd.o(.constdata)
    asc2_2412                                0x08009f8a   Data        3420  lcd.o(.constdata)
    Region$$Table$$Base                      0x0800ae74   Number         0  anon$$obj.o(Region$$Table)
    Region$$Table$$Limit                     0x0800ae94   Number         0  anon$$obj.o(Region$$Table)
    __ctype                                  0x0800aebd   Data           0  lc_ctype_c.o(locale$$data)
    SystemCoreClock                          0x20000000   Data           4  system_stm32f10x.o(.data)
    AHBPrescTable                            0x20000004   Data          16  system_stm32f10x.o(.data)
    __stdout                                 0x20000018   Data           4  usart.o(.data)
    USART_RX_STA                             0x2000001c   Data           2  usart.o(.data)
    POINT_COLOR                              0x2000001e   Data           2  lcd.o(.data)
    BACK_COLOR                               0x20000020   Data           2  lcd.o(.data)
    USART3_RX_STA                            0x20000022   Data           2  usart3.o(.data)
    sys_cmd_tab                              0x20000038   Data          28  usmart.o(.data)
    usmart_nametab                           0x20000054   Data          32  usmart_config.o(.data)
    usmart_dev                               0x20000074   Data         244  usmart_config.o(.data)
    USART_RX_BUF                             0x2000016c   Data         200  usart.o(.bss)
    lcddev                                   0x20000234   Data          14  lcd.o(.bss)
    USART3_RX_BUF                            0x20000242   Data         600  usart3.o(.bss)
    USART3_TX_BUF                            0x2000049a   Data         600  usart3.o(.bss)
    __libspace_start                         0x200006f4   Data          96  libspace.o(.bss)
    __temporary_stack_top$libspace           0x20000754   Data           0  libspace.o(.bss)
    mem2base                                 0x68000000   Data       983040  malloc.o(.ARM.__AT_0x68000000)
    mem2mapbase                              0x680f0000   Data       61440  malloc.o(.ARM.__AT_0x680F0000)



==============================================================================

Memory Map of the image

  Image Entry point : 0x08000131

  Load Region LR_IROM1 (Base: 0x08000000, Size: 0x0000b12c, Max: 0x00080000, ABSOLUTE, COMPRESSED[0x0000b028])

    Execution Region ER_IROM1 (Base: 0x08000000, Size: 0x0000afc0, Max: 0x00080000, ABSOLUTE)

    Base Addr    Size         Type   Attr      Idx    E Section Name        Object

    0x08000000   0x00000130   Data   RO           19    RESET               startup_stm32f10x_hd.o
    0x08000130   0x00000008   Code   RO         3389  * !!!main             c_w.l(__main.o)
    0x08000138   0x00000034   Code   RO         3735    !!!scatter          c_w.l(__scatter.o)
    0x0800016c   0x0000005a   Code   RO         3733    !!dczerorl2         c_w.l(__dczerorl2.o)
    0x080001c6   0x00000002   PAD
    0x080001c8   0x0000001c   Code   RO         3737    !!handler_zi        c_w.l(__scatter_zi.o)
    0x080001e4   0x00000000   Code   RO         3380    .ARM.Collect$$_printf_percent$$00000000  c_w.l(_printf_percent.o)
    0x080001e4   0x00000006   Code   RO         3485    .ARM.Collect$$_printf_percent$$00000001  c_w.l(_printf_n.o)
    0x080001ea   0x00000006   Code   RO         3486    .ARM.Collect$$_printf_percent$$00000002  c_w.l(_printf_p.o)
    0x080001f0   0x00000006   Code   RO         3489    .ARM.Collect$$_printf_percent$$00000003  c_w.l(_printf_f.o)
    0x080001f6   0x00000006   Code   RO         3490    .ARM.Collect$$_printf_percent$$00000004  c_w.l(_printf_e.o)
    0x080001fc   0x00000006   Code   RO         3491    .ARM.Collect$$_printf_percent$$00000005  c_w.l(_printf_g.o)
    0x08000202   0x00000006   Code   RO         3492    .ARM.Collect$$_printf_percent$$00000006  c_w.l(_printf_a.o)
    0x08000208   0x0000000a   Code   RO         3497    .ARM.Collect$$_printf_percent$$00000007  c_w.l(_printf_ll.o)
    0x08000212   0x00000006   Code   RO         3488    .ARM.Collect$$_printf_percent$$00000008  c_w.l(_printf_i.o)
    0x08000218   0x00000006   Code   RO         3378    .ARM.Collect$$_printf_percent$$00000009  c_w.l(_printf_d.o)
    0x0800021e   0x00000006   Code   RO         3379    .ARM.Collect$$_printf_percent$$0000000A  c_w.l(_printf_u.o)
    0x08000224   0x00000006   Code   RO         3487    .ARM.Collect$$_printf_percent$$0000000B  c_w.l(_printf_o.o)
    0x0800022a   0x00000006   Code   RO         3377    .ARM.Collect$$_printf_percent$$0000000C  c_w.l(_printf_x.o)
    0x08000230   0x00000006   Code   RO         3494    .ARM.Collect$$_printf_percent$$0000000D  c_w.l(_printf_lli.o)
    0x08000236   0x00000006   Code   RO         3495    .ARM.Collect$$_printf_percent$$0000000E  c_w.l(_printf_lld.o)
    0x0800023c   0x00000006   Code   RO         3496    .ARM.Collect$$_printf_percent$$0000000F  c_w.l(_printf_llu.o)
    0x08000242   0x00000006   Code   RO         3501    .ARM.Collect$$_printf_percent$$00000010  c_w.l(_printf_llo.o)
    0x08000248   0x00000006   Code   RO         3502    .ARM.Collect$$_printf_percent$$00000011  c_w.l(_printf_llx.o)
    0x0800024e   0x0000000a   Code   RO         3498    .ARM.Collect$$_printf_percent$$00000012  c_w.l(_printf_l.o)
    0x08000258   0x00000006   Code   RO         3375    .ARM.Collect$$_printf_percent$$00000013  c_w.l(_printf_c.o)
    0x0800025e   0x00000006   Code   RO         3376    .ARM.Collect$$_printf_percent$$00000014  c_w.l(_printf_s.o)
    0x08000264   0x00000006   Code   RO         3499    .ARM.Collect$$_printf_percent$$00000015  c_w.l(_printf_lc.o)
    0x0800026a   0x00000006   Code   RO         3500    .ARM.Collect$$_printf_percent$$00000016  c_w.l(_printf_ls.o)
    0x08000270   0x00000004   Code   RO         3493    .ARM.Collect$$_printf_percent$$00000017  c_w.l(_printf_percent_end.o)
    0x08000274   0x00000002   Code   RO         3603    .ARM.Collect$$libinit$$00000000  c_w.l(libinit.o)
    0x08000276   0x00000000   Code   RO         3614    .ARM.Collect$$libinit$$00000002  c_w.l(libinit2.o)
    0x08000276   0x00000000   Code   RO         3616    .ARM.Collect$$libinit$$00000004  c_w.l(libinit2.o)
    0x08000276   0x00000000   Code   RO         3619    .ARM.Collect$$libinit$$0000000A  c_w.l(libinit2.o)
    0x08000276   0x00000000   Code   RO         3621    .ARM.Collect$$libinit$$0000000C  c_w.l(libinit2.o)
    0x08000276   0x00000000   Code   RO         3623    .ARM.Collect$$libinit$$0000000E  c_w.l(libinit2.o)
    0x08000276   0x00000006   Code   RO         3624    .ARM.Collect$$libinit$$0000000F  c_w.l(libinit2.o)
    0x0800027c   0x00000000   Code   RO         3626    .ARM.Collect$$libinit$$00000011  c_w.l(libinit2.o)
    0x0800027c   0x0000000c   Code   RO         3627    .ARM.Collect$$libinit$$00000012  c_w.l(libinit2.o)
    0x08000288   0x00000000   Code   RO         3628    .ARM.Collect$$libinit$$00000013  c_w.l(libinit2.o)
    0x08000288   0x00000000   Code   RO         3630    .ARM.Collect$$libinit$$00000015  c_w.l(libinit2.o)
    0x08000288   0x0000000a   Code   RO         3631    .ARM.Collect$$libinit$$00000016  c_w.l(libinit2.o)
    0x08000292   0x00000000   Code   RO         3632    .ARM.Collect$$libinit$$00000017  c_w.l(libinit2.o)
    0x08000292   0x00000000   Code   RO         3634    .ARM.Collect$$libinit$$00000019  c_w.l(libinit2.o)
    0x08000292   0x00000000   Code   RO         3636    .ARM.Collect$$libinit$$0000001B  c_w.l(libinit2.o)
    0x08000292   0x00000000   Code   RO         3638    .ARM.Collect$$libinit$$0000001D  c_w.l(libinit2.o)
    0x08000292   0x00000000   Code   RO         3640    .ARM.Collect$$libinit$$0000001F  c_w.l(libinit2.o)
    0x08000292   0x00000000   Code   RO         3642    .ARM.Collect$$libinit$$00000021  c_w.l(libinit2.o)
    0x08000292   0x00000000   Code   RO         3644    .ARM.Collect$$libinit$$00000023  c_w.l(libinit2.o)
    0x08000292   0x00000000   Code   RO         3646    .ARM.Collect$$libinit$$00000025  c_w.l(libinit2.o)
    0x08000292   0x00000000   Code   RO         3650    .ARM.Collect$$libinit$$0000002C  c_w.l(libinit2.o)
    0x08000292   0x00000000   Code   RO         3652    .ARM.Collect$$libinit$$0000002E  c_w.l(libinit2.o)
    0x08000292   0x00000000   Code   RO         3654    .ARM.Collect$$libinit$$00000030  c_w.l(libinit2.o)
    0x08000292   0x00000000   Code   RO         3656    .ARM.Collect$$libinit$$00000032  c_w.l(libinit2.o)
    0x08000292   0x00000002   Code   RO         3657    .ARM.Collect$$libinit$$00000033  c_w.l(libinit2.o)
    0x08000294   0x00000002   Code   RO         3675    .ARM.Collect$$libshutdown$$00000000  c_w.l(libshutdown.o)
    0x08000296   0x00000000   Code   RO         3685    .ARM.Collect$$libshutdown$$00000002  c_w.l(libshutdown2.o)
    0x08000296   0x00000000   Code   RO         3687    .ARM.Collect$$libshutdown$$00000004  c_w.l(libshutdown2.o)
    0x08000296   0x00000000   Code   RO         3690    .ARM.Collect$$libshutdown$$00000007  c_w.l(libshutdown2.o)
    0x08000296   0x00000000   Code   RO         3693    .ARM.Collect$$libshutdown$$0000000A  c_w.l(libshutdown2.o)
    0x08000296   0x00000000   Code   RO         3695    .ARM.Collect$$libshutdown$$0000000C  c_w.l(libshutdown2.o)
    0x08000296   0x00000000   Code   RO         3698    .ARM.Collect$$libshutdown$$0000000F  c_w.l(libshutdown2.o)
    0x08000296   0x00000002   Code   RO         3699    .ARM.Collect$$libshutdown$$00000010  c_w.l(libshutdown2.o)
    0x08000298   0x00000000   Code   RO         3457    .ARM.Collect$$rtentry$$00000000  c_w.l(__rtentry.o)
    0x08000298   0x00000000   Code   RO         3521    .ARM.Collect$$rtentry$$00000002  c_w.l(__rtentry2.o)
    0x08000298   0x00000006   Code   RO         3533    .ARM.Collect$$rtentry$$00000004  c_w.l(__rtentry4.o)
    0x0800029e   0x00000000   Code   RO         3523    .ARM.Collect$$rtentry$$00000009  c_w.l(__rtentry2.o)
    0x0800029e   0x00000004   Code   RO         3524    .ARM.Collect$$rtentry$$0000000A  c_w.l(__rtentry2.o)
    0x080002a2   0x00000000   Code   RO         3526    .ARM.Collect$$rtentry$$0000000C  c_w.l(__rtentry2.o)
    0x080002a2   0x00000008   Code   RO         3527    .ARM.Collect$$rtentry$$0000000D  c_w.l(__rtentry2.o)
    0x080002aa   0x00000002   Code   RO         3608    .ARM.Collect$$rtexit$$00000000  c_w.l(rtexit.o)
    0x080002ac   0x00000000   Code   RO         3659    .ARM.Collect$$rtexit$$00000002  c_w.l(rtexit2.o)
    0x080002ac   0x00000004   Code   RO         3660    .ARM.Collect$$rtexit$$00000003  c_w.l(rtexit2.o)
    0x080002b0   0x00000006   Code   RO         3661    .ARM.Collect$$rtexit$$00000004  c_w.l(rtexit2.o)
    0x080002b6   0x00000002   PAD
    0x080002b8   0x00000040   Code   RO           20    .text               startup_stm32f10x_hd.o
    0x080002f8   0x00000002   Code   RO         3318    .text               c_w.l(use_no_semi_2.o)
    0x080002fa   0x00000002   PAD
    0x080002fc   0x00000024   Code   RO         3320    .text               c_w.l(c89vsprintf.o)
    0x08000320   0x00000018   Code   RO         3322    .text               c_w.l(__2printf.o)
    0x08000338   0x0000004e   Code   RO         3328    .text               c_w.l(_printf_pad.o)
    0x08000386   0x00000052   Code   RO         3330    .text               c_w.l(_printf_str.o)
    0x080003d8   0x00000078   Code   RO         3332    .text               c_w.l(_printf_dec.o)
    0x08000450   0x00000094   Code   RO         3352    .text               c_w.l(_printf_hex_int_ll_ptr.o)
    0x080004e4   0x00000188   Code   RO         3372    .text               c_w.l(__printf_flags_ss_wp.o)
    0x0800066c   0x00000024   Code   RO         3381    .text               c_w.l(strstr.o)
    0x08000690   0x0000003e   Code   RO         3383    .text               c_w.l(strlen.o)
    0x080006ce   0x00000002   PAD
    0x080006d0   0x00000080   Code   RO         3385    .text               c_w.l(strcmpv7m.o)
    0x08000750   0x00000006   Code   RO         3387    .text               c_w.l(heapauxi.o)
    0x08000756   0x00000002   Code   RO         3455    .text               c_w.l(use_no_semi.o)
    0x08000758   0x00000024   Code   RO         3460    .text               c_w.l(_printf_truncate.o)
    0x0800077c   0x000000b2   Code   RO         3462    .text               c_w.l(_printf_intcommon.o)
    0x0800082e   0x00000028   Code   RO         3464    .text               c_w.l(_printf_charcount.o)
    0x08000856   0x00000002   PAD
    0x08000858   0x00000030   Code   RO         3466    .text               c_w.l(_printf_char_common.o)
    0x08000888   0x0000000a   Code   RO         3468    .text               c_w.l(_sputc.o)
    0x08000892   0x0000002c   Code   RO         3470    .text               c_w.l(_printf_char.o)
    0x080008be   0x00000002   PAD
    0x080008c0   0x00000024   Code   RO         3472    .text               c_w.l(_printf_char_file.o)
    0x080008e4   0x000000bc   Code   RO         3474    .text               c_w.l(_printf_wctomb.o)
    0x080009a0   0x0000007c   Code   RO         3477    .text               c_w.l(_printf_longlong_dec.o)
    0x08000a1c   0x00000070   Code   RO         3483    .text               c_w.l(_printf_oct_int_ll.o)
    0x08000a8c   0x0000008a   Code   RO         3540    .text               c_w.l(lludiv10.o)
    0x08000b16   0x0000041a   Code   RO         3542    .text               c_w.l(_printf_fp_dec.o)
    0x08000f30   0x0000002c   Code   RO         3546    .text               c_w.l(_printf_wchar.o)
    0x08000f5c   0x00000008   Code   RO         3548    .text               c_w.l(ferror.o)
    0x08000f64   0x00000040   Code   RO         3552    .text               c_w.l(_wcrtomb.o)
    0x08000fa4   0x00000008   Code   RO         3554    .text               c_w.l(libspace.o)
    0x08000fac   0x0000004a   Code   RO         3557    .text               c_w.l(sys_stackheap_outer.o)
    0x08000ff6   0x00000002   PAD
    0x08000ff8   0x00000010   Code   RO         3559    .text               c_w.l(rt_ctype_table.o)
    0x08001008   0x00000008   Code   RO         3564    .text               c_w.l(rt_locale_intlibspace.o)
    0x08001010   0x00000080   Code   RO         3566    .text               c_w.l(_printf_fp_infnan.o)
    0x08001090   0x000000dc   Code   RO         3568    .text               c_w.l(bigflt0.o)
    0x0800116c   0x00000012   Code   RO         3596    .text               c_w.l(exit.o)
    0x0800117e   0x0000003e   Code   RO         3571    CL$$btod_d2e        c_w.l(btod.o)
    0x080011bc   0x00000046   Code   RO         3573    CL$$btod_d2e_denorm_low  c_w.l(btod.o)
    0x08001202   0x00000060   Code   RO         3572    CL$$btod_d2e_norm_op1  c_w.l(btod.o)
    0x08001262   0x00000338   Code   RO         3581    CL$$btod_div_common  c_w.l(btod.o)
    0x0800159a   0x000000c6   Code   RO         3578    CL$$btod_e2e        c_w.l(btod.o)
    0x08001660   0x00000028   Code   RO         3575    CL$$btod_ediv       c_w.l(btod.o)
    0x08001688   0x00000028   Code   RO         3574    CL$$btod_emul       c_w.l(btod.o)
    0x080016b0   0x00000244   Code   RO         3580    CL$$btod_mult_common  c_w.l(btod.o)
    0x080018f4   0x00000016   Code   RO         2802    i.ADC_Cmd           stm32f10x_adc.o
    0x0800190a   0x00000002   PAD
    0x0800190c   0x0000005c   Code   RO         2804    i.ADC_DeInit        stm32f10x_adc.o
    0x08001968   0x00000014   Code   RO         2810    i.ADC_GetCalibrationStatus  stm32f10x_adc.o
    0x0800197c   0x00000008   Code   RO         2811    i.ADC_GetConversionValue  stm32f10x_adc.o
    0x08001984   0x00000012   Code   RO         2813    i.ADC_GetFlagStatus  stm32f10x_adc.o
    0x08001996   0x00000014   Code   RO         2816    i.ADC_GetResetCalibrationStatus  stm32f10x_adc.o
    0x080019aa   0x00000002   PAD
    0x080019ac   0x00000050   Code   RO         2820    i.ADC_Init          stm32f10x_adc.o
    0x080019fc   0x000000b8   Code   RO         2824    i.ADC_RegularChannelConfig  stm32f10x_adc.o
    0x08001ab4   0x0000000a   Code   RO         2825    i.ADC_ResetCalibration  stm32f10x_adc.o
    0x08001abe   0x00000016   Code   RO         2827    i.ADC_SoftwareStartConvCmd  stm32f10x_adc.o
    0x08001ad4   0x0000000a   Code   RO         2829    i.ADC_StartCalibration  stm32f10x_adc.o
    0x08001ade   0x00000002   PAD
    0x08001ae0   0x0000008c   Code   RO         1118    i.Adc_Init          adc.o
    0x08001b6c   0x00000004   Code   RO          215    i.BusFault_Handler  stm32f10x_it.o
    0x08001b70   0x00000002   Code   RO          216    i.DebugMon_Handler  stm32f10x_it.o
    0x08001b72   0x00000002   PAD
    0x08001b74   0x00000034   Code   RO         1315    i.FSMC_NORSRAMCmd   stm32f10x_fsmc.o
    0x08001ba8   0x000000e6   Code   RO         1317    i.FSMC_NORSRAMInit  stm32f10x_fsmc.o
    0x08001c8e   0x00000116   Code   RO         1430    i.GPIO_Init         stm32f10x_gpio.o
    0x08001da4   0x00000004   Code   RO         1437    i.GPIO_ResetBits    stm32f10x_gpio.o
    0x08001da8   0x00000004   Code   RO         1438    i.GPIO_SetBits      stm32f10x_gpio.o
    0x08001dac   0x00000034   Code   RO         1119    i.Get_Adc           adc.o
    0x08001de0   0x0000002e   Code   RO         1120    i.Get_Adc_Average   adc.o
    0x08001e0e   0x00000004   Code   RO          217    i.HardFault_Handler  stm32f10x_it.o
    0x08001e12   0x00000002   PAD
    0x08001e14   0x0000006c   Code   RO          567    i.LCD_Clear         lcd.o
    0x08001e80   0x000001c0   Code   RO          571    i.LCD_Display_Dir   lcd.o
    0x08002040   0x0000017c   Code   RO          576    i.LCD_Fast_DrawPoint  lcd.o
    0x080021bc   0x00003774   Code   RO          578    i.LCD_Init          lcd.o
    0x08005930   0x00000016   Code   RO          579    i.LCD_Pow           lcd.o
    0x08005946   0x00000002   PAD
    0x08005948   0x00000014   Code   RO          580    i.LCD_RD_DATA       lcd.o
    0x0800595c   0x00000016   Code   RO          582    i.LCD_ReadReg       lcd.o
    0x08005972   0x00000002   PAD
    0x08005974   0x00000054   Code   RO          583    i.LCD_SSD_BackLightSet  lcd.o
    0x080059c8   0x000002ec   Code   RO          584    i.LCD_Scan_Dir      lcd.o
    0x08005cb4   0x000001a8   Code   RO          585    i.LCD_SetCursor     lcd.o
    0x08005e5c   0x00000128   Code   RO          587    i.LCD_ShowChar      lcd.o
    0x08005f84   0x00000066   Code   RO          589    i.LCD_ShowString    lcd.o
    0x08005fea   0x000000be   Code   RO          590    i.LCD_ShowxNum      lcd.o
    0x080060a8   0x0000000c   Code   RO          591    i.LCD_WR_DATA       lcd.o
    0x080060b4   0x0000000c   Code   RO          592    i.LCD_WR_REG        lcd.o
    0x080060c0   0x00000014   Code   RO          594    i.LCD_WriteRAM_Prepare  lcd.o
    0x080060d4   0x00000010   Code   RO          595    i.LCD_WriteReg      lcd.o
    0x080060e4   0x00000068   Code   RO          776    i.LED_Init          led.o
    0x0800614c   0x00000004   Code   RO          218    i.MemManage_Handler  stm32f10x_it.o
    0x08006150   0x00000002   Code   RO          219    i.NMI_Handler       stm32f10x_it.o
    0x08006152   0x00000002   PAD
    0x08006154   0x00000070   Code   RO         1142    i.NVIC_Init         misc.o
    0x080061c4   0x00000014   Code   RO         1143    i.NVIC_PriorityGroupConfig  misc.o
    0x080061d8   0x00000002   Code   RO          220    i.PendSV_Handler    stm32f10x_it.o
    0x080061da   0x00000002   PAD
    0x080061dc   0x00000018   Code   RO         1538    i.RCC_ADCCLKConfig  stm32f10x_rcc.o
    0x080061f4   0x00000020   Code   RO         1539    i.RCC_AHBPeriphClockCmd  stm32f10x_rcc.o
    0x08006214   0x00000020   Code   RO         1540    i.RCC_APB1PeriphClockCmd  stm32f10x_rcc.o
    0x08006234   0x00000020   Code   RO         1541    i.RCC_APB1PeriphResetCmd  stm32f10x_rcc.o
    0x08006254   0x00000020   Code   RO         1542    i.RCC_APB2PeriphClockCmd  stm32f10x_rcc.o
    0x08006274   0x00000020   Code   RO         1543    i.RCC_APB2PeriphResetCmd  stm32f10x_rcc.o
    0x08006294   0x000000d4   Code   RO         1550    i.RCC_GetClocksFreq  stm32f10x_rcc.o
    0x08006368   0x00000002   Code   RO          221    i.SVC_Handler       stm32f10x_it.o
    0x0800636a   0x00000008   Code   RO          304    i.SetSysClock       system_stm32f10x.o
    0x08006372   0x00000002   PAD
    0x08006374   0x000000e0   Code   RO          305    i.SetSysClockTo72   system_stm32f10x.o
    0x08006454   0x00000028   Code   RO         1146    i.SysTick_CLKSourceConfig  misc.o
    0x0800647c   0x00000002   Code   RO          222    i.SysTick_Handler   stm32f10x_it.o
    0x0800647e   0x00000002   PAD
    0x08006480   0x00000060   Code   RO          307    i.SystemInit        system_stm32f10x.o
    0x080064e0   0x00000038   Code   RO         3088    i.TIM4_IRQHandler   usmart.o
    0x08006518   0x00000034   Code   RO          788    i.TIM7_IRQHandler   timer.o
    0x0800654c   0x00000060   Code   RO          789    i.TIM7_Int_Init     timer.o
    0x080065ac   0x00000006   Code   RO         2078    i.TIM_ClearFlag     stm32f10x_tim.o
    0x080065b2   0x00000006   Code   RO         2079    i.TIM_ClearITPendingBit  stm32f10x_tim.o
    0x080065b8   0x00000018   Code   RO         2084    i.TIM_Cmd           stm32f10x_tim.o
    0x080065d0   0x00000006   Code   RO         2103    i.TIM_GetCounter    stm32f10x_tim.o
    0x080065d6   0x00000012   Code   RO         2104    i.TIM_GetFlagStatus  stm32f10x_tim.o
    0x080065e8   0x00000022   Code   RO         2105    i.TIM_GetITStatus   stm32f10x_tim.o
    0x0800660a   0x00000012   Code   RO         2109    i.TIM_ITConfig      stm32f10x_tim.o
    0x0800661c   0x00000004   Code   RO         2143    i.TIM_SetAutoreload  stm32f10x_tim.o
    0x08006620   0x00000004   Code   RO         2149    i.TIM_SetCounter    stm32f10x_tim.o
    0x08006624   0x000000a4   Code   RO         2155    i.TIM_TimeBaseInit  stm32f10x_tim.o
    0x080066c8   0x0000005c   Code   RO         3089    i.Timer4_Init       usmart.o
    0x08006724   0x00000088   Code   RO          392    i.USART1_IRQHandler  usart.o
    0x080067ac   0x00000070   Code   RO         1080    i.USART3_IRQHandler  usart3.o
    0x0800681c   0x00000018   Code   RO         2620    i.USART_Cmd         stm32f10x_usart.o
    0x08006834   0x0000009c   Code   RO         2622    i.USART_DeInit      stm32f10x_usart.o
    0x080068d0   0x0000001a   Code   RO         2623    i.USART_GetFlagStatus  stm32f10x_usart.o
    0x080068ea   0x00000054   Code   RO         2624    i.USART_GetITStatus  stm32f10x_usart.o
    0x0800693e   0x0000004a   Code   RO         2626    i.USART_ITConfig    stm32f10x_usart.o
    0x08006988   0x000000d8   Code   RO         2627    i.USART_Init        stm32f10x_usart.o
    0x08006a60   0x0000000a   Code   RO         2634    i.USART_ReceiveData  stm32f10x_usart.o
    0x08006a6a   0x00000008   Code   RO         2637    i.USART_SendData    stm32f10x_usart.o
    0x08006a72   0x00000004   Code   RO          223    i.UsageFault_Handler  stm32f10x_it.o
    0x08006a76   0x00000028   Code   RO         3606    i.__ARM_fpclassify  m_ws.l(fpclassify.o)
    0x08006a9e   0x0000000e   Code   RO         3365    i._is_digit         c_w.l(__printf_wp.o)
    0x08006aac   0x00000006   Code   RO          393    i._sys_exit         usart.o
    0x08006ab2   0x00000002   PAD
    0x08006ab4   0x000004b0   Code   RO         3250    i.atk_8266_at_response  common.o
    0x08006f64   0x00000034   Code   RO         3251    i.atk_8266_check_cmd  common.o
    0x08006f98   0x00000044   Code   RO         3252    i.atk_8266_consta_check  common.o
    0x08006fdc   0x00000070   Code   RO         3253    i.atk_8266_quit_trans  common.o
    0x0800704c   0x00000060   Code   RO         3254    i.atk_8266_send_cmd  common.o
    0x080070ac   0x0000005c   Code   RO         3255    i.atk_8266_send_data  common.o
    0x08007108   0x0000044c   Code   RO         3256    i.atk_8266_test     common.o
    0x08007554   0x00000068   Code   RO         3257    i.chartou16         common.o
    0x080075bc   0x00000044   Code   RO          338    i.delay_init        delay.o
    0x08007600   0x0000004c   Code   RO          339    i.delay_ms          delay.o
    0x0800764c   0x0000004c   Code   RO          340    i.delay_us          delay.o
    0x08007698   0x0000001c   Code   RO          394    i.fputc             usart.o
    0x080076b4   0x0000018c   Code   RO           24    i.main              main.o
    0x08007840   0x00000006   Code   RO         3090    i.read_addr         usmart.o
    0x08007846   0x00000002   PAD
    0x08007848   0x00000050   Code   RO         1081    i.u3_printf         usart3.o
    0x08007898   0x00000068   Code   RO         3258    i.u8tochar          common.o
    0x08007900   0x000000a0   Code   RO          395    i.uart_init         usart.o
    0x080079a0   0x000000d0   Code   RO         1082    i.usart3_init       usart3.o
    0x08007a70   0x000000b0   Code   RO         3091    i.usmart_cmd_rec    usmart.o
    0x08007b20   0x000002d4   Code   RO         3092    i.usmart_exe        usmart.o
    0x08007df4   0x000000c8   Code   RO         3177    i.usmart_get_aparm  usmart_str.o
    0x08007ebc   0x00000036   Code   RO         3178    i.usmart_get_cmdname  usmart_str.o
    0x08007ef2   0x00000002   PAD
    0x08007ef4   0x000001c0   Code   RO         3179    i.usmart_get_fname  usmart_str.o
    0x080080b4   0x0000010c   Code   RO         3180    i.usmart_get_fparam  usmart_str.o
    0x080081c0   0x00000020   Code   RO         3181    i.usmart_get_parmpos  usmart_str.o
    0x080081e0   0x00000044   Code   RO         3093    i.usmart_get_runtime  usmart.o
    0x08008224   0x00000028   Code   RO         3094    i.usmart_init       usmart.o
    0x0800824c   0x00000016   Code   RO         3182    i.usmart_pow        usmart_str.o
    0x08008262   0x00000002   PAD
    0x08008264   0x00000030   Code   RO         3095    i.usmart_reset_runtime  usmart.o
    0x08008294   0x000000bc   Code   RO         3096    i.usmart_scan       usmart.o
    0x08008350   0x00000016   Code   RO         3183    i.usmart_search_nextc  usmart_str.o
    0x08008366   0x000000ca   Code   RO         3184    i.usmart_str2num    usmart_str.o
    0x08008430   0x00000022   Code   RO         3185    i.usmart_strcmp     usmart_str.o
    0x08008452   0x00000016   Code   RO         3186    i.usmart_strcopy    usmart_str.o
    0x08008468   0x00000018   Code   RO         3187    i.usmart_strlen     usmart_str.o
    0x08008480   0x000006e4   Code   RO         3097    i.usmart_sys_cmd_exe  usmart.o
    0x08008b64   0x00000004   Code   RO         3098    i.write_addr        usmart.o
    0x08008b68   0x0000002c   Code   RO         3594    locale$$code        c_w.l(lc_numeric_c.o)
    0x08008b94   0x0000002c   Code   RO         3611    locale$$code        c_w.l(lc_ctype_c.o)
    0x08008bc0   0x00000062   Code   RO         3391    x$fpl$d2f           fz_ws.l(d2f.o)
    0x08008c22   0x00000002   PAD
    0x08008c24   0x0000005a   Code   RO         3399    x$fpl$dfixu         fz_ws.l(dfixu.o)
    0x08008c7e   0x00000026   Code   RO         3403    x$fpl$dfltu         fz_ws.l(dflt_clz.o)
    0x08008ca4   0x00000154   Code   RO         3411    x$fpl$dmul          fz_ws.l(dmul.o)
    0x08008df8   0x0000009c   Code   RO         3505    x$fpl$dnaninf       fz_ws.l(dnaninf.o)
    0x08008e94   0x0000000c   Code   RO         3507    x$fpl$dretinf       fz_ws.l(dretinf.o)
    0x08008ea0   0x00000056   Code   RO         3415    x$fpl$f2d           fz_ws.l(f2d.o)
    0x08008ef6   0x00000002   PAD
    0x08008ef8   0x000000c4   Code   RO         3417    x$fpl$fadd          fz_ws.l(faddsub_clz.o)
    0x08008fbc   0x00000018   Code   RO         3511    x$fpl$fcmpinf       fz_ws.l(fcmpi.o)
    0x08008fd4   0x00000184   Code   RO         3424    x$fpl$fdiv          fz_ws.l(fdiv.o)
    0x08009158   0x0000003e   Code   RO         3431    x$fpl$ffixu         fz_ws.l(ffixu.o)
    0x08009196   0x00000002   PAD
    0x08009198   0x00000026   Code   RO         3435    x$fpl$ffltu         fz_ws.l(fflt_clz.o)
    0x080091be   0x00000002   PAD
    0x080091c0   0x00000068   Code   RO         3441    x$fpl$fleqf         fz_ws.l(fleqf.o)
    0x08009228   0x00000102   Code   RO         3443    x$fpl$fmul          fz_ws.l(fmul.o)
    0x0800932a   0x0000008c   Code   RO         3513    x$fpl$fnaninf       fz_ws.l(fnaninf.o)
    0x080093b6   0x0000000a   Code   RO         3515    x$fpl$fretinf       fz_ws.l(fretinf.o)
    0x080093c0   0x00000062   Code   RO         3445    x$fpl$frleqf        fz_ws.l(frleqf.o)
    0x08009422   0x00000014   Code   RO         3418    x$fpl$frsb          fz_ws.l(faddsub_clz.o)
    0x08009436   0x00000002   PAD
    0x08009438   0x000000ea   Code   RO         3419    x$fpl$fsub          fz_ws.l(faddsub_clz.o)
    0x08009522   0x00000004   Code   RO         3517    x$fpl$printf1       fz_ws.l(printf1.o)
    0x08009526   0x00000000   Code   RO         3519    x$fpl$usenofp       fz_ws.l(usenofp.o)
    0x08009526   0x000017c0   Data   RO          598    .constdata          lcd.o
    0x0800ace6   0x00000028   Data   RO         3353    .constdata          c_w.l(_printf_hex_int_ll_ptr.o)
    0x0800ad0e   0x00000011   Data   RO         3373    .constdata          c_w.l(__printf_flags_ss_wp.o)
    0x0800ad1f   0x00000001   PAD
    0x0800ad20   0x00000008   Data   RO         3475    .constdata          c_w.l(_printf_wctomb.o)
    0x0800ad28   0x00000094   Data   RO         3569    .constdata          c_w.l(bigflt0.o)
    0x0800adbc   0x00000028   Data   RO         3099    .conststring        usmart.o
    0x0800ade4   0x00000090   Data   RO         3164    .conststring        usmart_config.o
    0x0800ae74   0x00000020   Data   RO         3731    Region$$Table       anon$$obj.o
    0x0800ae94   0x0000001c   Data   RO         3593    locale$$data        c_w.l(lc_numeric_c.o)
    0x0800aeb0   0x00000110   Data   RO         3610    locale$$data        c_w.l(lc_ctype_c.o)


    Execution Region RW_IRAM1 (Base: 0x20000000, Size: 0x00000d58, Max: 0x00010000, ABSOLUTE, COMPRESSED[0x00000068])

    Base Addr    Size         Type   Attr      Idx    E Section Name        Object

    0x20000000   0x00000014   Data   RW          308    .data               system_stm32f10x.o
    0x20000014   0x00000004   Data   RW          341    .data               delay.o
    0x20000018   0x00000006   Data   RW          397    .data               usart.o
    0x2000001e   0x00000004   Data   RW          599    .data               lcd.o
    0x20000022   0x00000002   Data   RW         1084    .data               usart3.o
    0x20000024   0x00000014   Data   RW         1570    .data               stm32f10x_rcc.o
    0x20000038   0x0000001c   Data   RW         3100    .data               usmart.o
    0x20000054   0x00000114   Data   RW         3165    .data               usmart_config.o
    0x20000168   0x00000004   Data   RW         3259    .data               common.o
    0x2000016c   0x000000c8   Zero   RW          396    .bss                usart.o
    0x20000234   0x0000000e   Zero   RW          597    .bss                lcd.o
    0x20000242   0x000004b0   Zero   RW         1083    .bss                usart3.o
    0x200006f2   0x00000002   PAD
    0x200006f4   0x00000060   Zero   RW         3555    .bss                c_w.l(libspace.o)
    0x20000754   0x00000004   PAD
    0x20000758   0x00000200   Zero   RW           18    HEAP                startup_stm32f10x_hd.o
    0x20000958   0x00000400   Zero   RW           17    STACK               startup_stm32f10x_hd.o



  Load Region LR$$.ARM.__AT_0x68000000 (Base: 0x68000000, Size: 0x00000000, Max: 0x000f0000, ABSOLUTE)

    Execution Region ER$$.ARM.__AT_0x68000000 (Base: 0x68000000, Size: 0x000f0000, Max: 0x000f0000, ABSOLUTE, UNINIT)

    Base Addr    Size         Type   Attr      Idx    E Section Name        Object

    0x68000000   0x000f0000   Zero   RW         3027    .ARM.__AT_0x68000000  malloc.o



  Load Region LR$$.ARM.__AT_0x680F0000 (Base: 0x680f0000, Size: 0x00000000, Max: 0x0000f000, ABSOLUTE)

    Execution Region ER$$.ARM.__AT_0x680F0000 (Base: 0x680f0000, Size: 0x0000f000, Max: 0x0000f000, ABSOLUTE, UNINIT)

    Base Addr    Size         Type   Attr      Idx    E Section Name        Object

    0x680f0000   0x0000f000   Zero   RW         3028    .ARM.__AT_0x680F0000  malloc.o


==============================================================================

Image component sizes


      Code (inc. data)   RO Data    RW Data    ZI Data      Debug   Object Name

       238         14          0          0          0       1983   adc.o
      2928        568          0          4          0       8758   common.o
         0          0          0          0          0       4540   core_cm3.o
       220         26          0          4          0       2007   delay.o
     17100        184       6080          4         14      23244   lcd.o
       104         14          0          0          0        583   led.o
       396        132          0          0          0     266427   main.o
         0          0          0          0    1044480       1789   malloc.o
       172         22          0          0          0       2337   misc.o
        64         26        304          0       1536        848   startup_stm32f10x_hd.o
       486         24          0          0          0       9450   stm32f10x_adc.o
       282          6          0          0          0       2025   stm32f10x_fsmc.o
       286          0          0          0          0       3320   stm32f10x_gpio.o
        26          0          0          0          0       4342   stm32f10x_it.o
       396         56          0         20          0       7331   stm32f10x_rcc.o
       284         42          0          0          0       7092   stm32f10x_tim.o
       598         28          0          0          0       7424   stm32f10x_usart.o
       328         28          0         20          0       2437   system_stm32f10x.o
       148         16          0          0          0       1278   timer.o
       330         26          0          6        200       4576   usart.o
       400         42          0          2       1200       3622   usart3.o
      3166       1330         40         28          0       8498   usmart.o
         0          0        144        276          0       1736   usmart_config.o
      1328         20          0          0          0       9317   usmart_str.o

    ----------------------------------------------------------------------
     29310       2604       6600        364    1047432     384964   Object Totals
         0          0         32          0          0          0   (incl. Generated)
        30          0          0          0          2          0   (incl. Padding)

    ----------------------------------------------------------------------

      Code (inc. data)   RO Data    RW Data    ZI Data      Debug   Library Member Name

        24          4          0          0          0         84   __2printf.o
        90          0          0          0          0          0   __dczerorl2.o
         8          0          0          0          0         68   __main.o
       392          4         17          0          0         92   __printf_flags_ss_wp.o
        14          0          0          0          0         68   __printf_wp.o
         0          0          0          0          0          0   __rtentry.o
        12          0          0          0          0          0   __rtentry2.o
         6          0          0          0          0          0   __rtentry4.o
        52          8          0          0          0          0   __scatter.o
        28          0          0          0          0          0   __scatter_zi.o
         6          0          0          0          0          0   _printf_a.o
         6          0          0          0          0          0   _printf_c.o
        44          0          0          0          0        108   _printf_char.o
        48          6          0          0          0         96   _printf_char_common.o
        36          4          0          0          0         80   _printf_char_file.o
        40          0          0          0          0         68   _printf_charcount.o
         6          0          0          0          0          0   _printf_d.o
       120         16          0          0          0         92   _printf_dec.o
         6          0          0          0          0          0   _printf_e.o
         6          0          0          0          0          0   _printf_f.o
      1050          0          0          0          0        216   _printf_fp_dec.o
       128         16          0          0          0         84   _printf_fp_infnan.o
         6          0          0          0          0          0   _printf_g.o
       148          4         40          0          0        160   _printf_hex_int_ll_ptr.o
         6          0          0          0          0          0   _printf_i.o
       178          0          0          0          0         88   _printf_intcommon.o
        10          0          0          0          0          0   _printf_l.o
         6          0          0          0          0          0   _printf_lc.o
        10          0          0          0          0          0   _printf_ll.o
         6          0          0          0          0          0   _printf_lld.o
         6          0          0          0          0          0   _printf_lli.o
         6          0          0          0          0          0   _printf_llo.o
         6          0          0          0          0          0   _printf_llu.o
         6          0          0          0          0          0   _printf_llx.o
       124         16          0          0          0         92   _printf_longlong_dec.o
         6          0          0          0          0          0   _printf_ls.o
         6          0          0          0          0          0   _printf_n.o
         6          0          0          0          0          0   _printf_o.o
       112         10          0          0          0        124   _printf_oct_int_ll.o
         6          0          0          0          0          0   _printf_p.o
        78          0          0          0          0        108   _printf_pad.o
         0          0          0          0          0          0   _printf_percent.o
         4          0          0          0          0          0   _printf_percent_end.o
         6          0          0          0          0          0   _printf_s.o
        82          0          0          0          0         80   _printf_str.o
        36          0          0          0          0         84   _printf_truncate.o
         6          0          0          0          0          0   _printf_u.o
        44          0          0          0          0        108   _printf_wchar.o
       188          6          8          0          0         92   _printf_wctomb.o
         6          0          0          0          0          0   _printf_x.o
        10          0          0          0          0         68   _sputc.o
        64          0          0          0          0         92   _wcrtomb.o
       220          4        148          0          0         96   bigflt0.o
      1910        128          0          0          0        672   btod.o
        36          4          0          0          0         76   c89vsprintf.o
        18          0          0          0          0         80   exit.o
         8          0          0          0          0         68   ferror.o
         6          0          0          0          0        152   heapauxi.o
        44         10        272          0          0         76   lc_ctype_c.o
        44         10         28          0          0         76   lc_numeric_c.o
         2          0          0          0          0          0   libinit.o
        30          0          0          0          0          0   libinit2.o
         2          0          0          0          0          0   libshutdown.o
         2          0          0          0          0          0   libshutdown2.o
         8          4          0          0         96         68   libspace.o
       138          0          0          0          0         80   lludiv10.o
        16          4          0          0          0         76   rt_ctype_table.o
         8          4          0          0          0         68   rt_locale_intlibspace.o
         2          0          0          0          0          0   rtexit.o
        10          0          0          0          0          0   rtexit2.o
       128          0          0          0          0         68   strcmpv7m.o
        62          0          0          0          0         76   strlen.o
        36          0          0          0          0         80   strstr.o
        74          0          0          0          0         80   sys_stackheap_outer.o
         2          0          0          0          0         68   use_no_semi.o
         2          0          0          0          0         68   use_no_semi_2.o
        98          4          0          0          0         92   d2f.o
        90          4          0          0          0         92   dfixu.o
        38          0          0          0          0         68   dflt_clz.o
       340         12          0          0          0        104   dmul.o
       156          4          0          0          0         92   dnaninf.o
        12          0          0          0          0         68   dretinf.o
        86          4          0          0          0         84   f2d.o
       450          8          0          0          0        236   faddsub_clz.o
        24          0          0          0          0         68   fcmpi.o
       388         76          0          0          0         96   fdiv.o
        62          4          0          0          0         84   ffixu.o
        38          0          0          0          0         68   fflt_clz.o
       104          4          0          0          0         84   fleqf.o
       258          4          0          0          0         84   fmul.o
       140          4          0          0          0         84   fnaninf.o
        10          0          0          0          0         68   fretinf.o
        98          0          0          0          0         68   frleqf.o
         4          0          0          0          0         68   printf1.o
         0          0          0          0          0          0   usenofp.o
        40          0          0          0          0         68   fpclassify.o

    ----------------------------------------------------------------------
      8568        390        514          0        100       5856   Library Totals
        24          0          1          0          4          0   (incl. Padding)

    ----------------------------------------------------------------------

      Code (inc. data)   RO Data    RW Data    ZI Data      Debug   Library Name

      6108        262        513          0         96       4180   c_w.l
      2396        128          0          0          0       1608   fz_ws.l
        40          0          0          0          0         68   m_ws.l

    ----------------------------------------------------------------------
      8568        390        514          0        100       5856   Library Totals

    ----------------------------------------------------------------------

==============================================================================


      Code (inc. data)   RO Data    RW Data    ZI Data      Debug   

     37878       2994       7114        364    1047532     381404   Grand Totals
     37878       2994       7114        104    1047532     381404   ELF Image Totals (compressed)
     37878       2994       7114        104          0          0   ROM Totals

==============================================================================

    Total RO  Size (Code + RO Data)                44992 (  43.94kB)
    Total RW  Size (RW Data + ZI Data)           1047896 (1023.34kB)
    Total ROM Size (Code + RO Data + RW Data)      45096 (  44.04kB)

==============================================================================

